serializer.h:899:32:FromAGENT_DATA_TYPE_int	0	static
AzureClient_mqtt_DM_TM.c:76:1:DesiredPropertyInitialize_Azure1_tDesiredTelemetryInterval	0	static
AzureClient_mqtt_DM_TM.c:76:1:DesiredPropertyDeinitialize_Azure1_tDesiredTelemetryInterval	0	static
AzureClient_mqtt_DM_TM.c:76:1:RebootWRAPPER	8	static
AzureClient_mqtt_DM_TM.c:76:1:QuitWRAPPER	16	static
AzureClient_mqtt_DM_TM.c:583:13:DeviceTwinCallback	4	static
serializer_devicetwin.h:50:12:deviceMethodCallback	32	static
AzureClient_mqtt_DM_TM.c:837:41:ReceiveMessageCallback	32	static
AzureClient_mqtt_DM_TM.c:76:1:Create_AGENT_DATA_TYPE_From_Ptr_Azure1_tdeviceId	8	static
AzureClient_mqtt_DM_TM.c:76:1:Create_AGENT_DATA_TYPE_From_Ptr_Azure1_tAzureStatus	0	static
AzureClient_mqtt_DM_TM.c:76:1:Create_AGENT_DATA_TYPE_From_Ptr_Azure1_tAzureFwVersion	0	static
AzureClient_mqtt_DM_TM.c:76:1:Create_AGENT_DATA_TYPE_From_Ptr_Azure1_tmessageId	8	static
AzureClient_mqtt_DM_TM.c:76:1:Create_AGENT_DATA_TYPE_From_Ptr_Azure1_taccX	0	static
AzureClient_mqtt_DM_TM.c:76:1:Create_AGENT_DATA_TYPE_From_Ptr_Azure1_taccY	0	static
AzureClient_mqtt_DM_TM.c:76:1:Create_AGENT_DATA_TYPE_From_Ptr_Azure1_taccZ	0	static
AzureClient_mqtt_DM_TM.c:76:1:Create_AGENT_DATA_TYPE_From_Ptr_Azure1_tgyrX	0	static
AzureClient_mqtt_DM_TM.c:76:1:Create_AGENT_DATA_TYPE_From_Ptr_Azure1_tgyrY	0	static
AzureClient_mqtt_DM_TM.c:76:1:Create_AGENT_DATA_TYPE_From_Ptr_Azure1_tgyrZ	0	static
AzureClient_mqtt_DM_TM.c:76:1:Create_AGENT_DATA_TYPE_From_Ptr_Azure1_tmagX	0	static
AzureClient_mqtt_DM_TM.c:76:1:Create_AGENT_DATA_TYPE_From_Ptr_Azure1_tmagY	0	static
AzureClient_mqtt_DM_TM.c:76:1:Create_AGENT_DATA_TYPE_From_Ptr_Azure1_tmagZ	0	static
AzureClient_mqtt_DM_TM.c:76:1:Create_AGENT_DATA_TYPE_From_Ptr_Azure1_tTelemetryInterval	0	static
AzureClient_mqtt_DM_TM.c:76:1:Create_AGENT_DATA_TYPE_From_Ptr_Azure1_tSupportedCommands	8	static
AzureClient_mqtt_DM_TM.c:76:1:Create_AGENT_DATA_TYPE_From_Ptr_Azure1_tSupportedMethods	0	static
AzureClient_mqtt_DM_TM.c:76:1:Create_AGENT_DATA_TYPE_From_Ptr_Azure1_tts	120	static
AzureClient_mqtt_DM_TM.c:76:1:Create_AGENT_DATA_TYPE_From_Ptr_Azure1_tTemperature	8	static
AzureClient_mqtt_DM_TM.c:76:1:Create_AGENT_DATA_TYPE_From_Ptr_Azure1_tHumidity	0	static
AzureClient_mqtt_DM_TM.c:76:1:Create_AGENT_DATA_TYPE_From_Ptr_Azure1_tPressure	0	static
AzureClient_mqtt_DM_TM.c:874:13:SendConfirmationCallback	16	static
AzureClient_mqtt_DM_TM.c:76:1:PauseWRAPPER	8	static
AzureClient_mqtt_DM_TM.c:76:1:PlayWRAPPER	8	static
AzureClient_mqtt_DM_TM.c:76:1:LedOnWRAPPER	8	static
AzureClient_mqtt_DM_TM.c:76:1:LedOffWRAPPER	8	static
AzureClient_mqtt_DM_TM.c:76:1:LedBlinkWRAPPER	8	static
AzureClient_mqtt_DM_TM.c:71:1:FIRMWARE_UPDATE_STATUSStrings	0	static
AzureClient_mqtt_DM_TM.c:71:1:FIRMWARE_UPDATE_STATUS_FromString	24	static
AzureClient_mqtt_DM_TM.c:76:1:FromAGENT_DATA_TYPE_Azure1_t	0	static
AzureClient_mqtt_DM_TM.c:211:24:Pause	8	static
AzureClient_mqtt_DM_TM.c:224:24:Play	8	static
AzureClient_mqtt_DM_TM.c:237:24:LedOn	8	static
AzureClient_mqtt_DM_TM.c:251:24:LedOff	8	static
AzureClient_mqtt_DM_TM.c:265:24:LedBlink	8	static
AzureClient_mqtt_DM_TM.c:280:21:Reboot	8	static
AzureClient_mqtt_DM_TM.c:294:21:Quit	8	static
AzureClient_mqtt_DM_TM.c:309:21:FirmwareUpdate	24	static
AzureClient_mqtt_DM_TM.c:76:1:FirmwareUpdateWRAPPER	16	static
AzureClient_mqtt_DM_TM.c:794:6:ReportState	32	static
AzureClient_mqtt_DM_TM.c:375:6:ChangeTelemetryInterval	4	static
AzureClient_mqtt_DM_TM.c:597:13:DeviceTwinCallbackStatus	40	static
AzureClient_mqtt_DM_TM.c:1027:6:WaitAllTheMessages	16	static
AzureClient_mqtt_DM_TM.c:1044:6:AzureClient_mqtt_DM_TM	280	static
AzureClient_mqtt_DM_TM.c:1412:5:mbedtls_hardware_poll	32	static
