platform_STM32Cube_IoT01L475VG.c:1176:13:onCloseCompleteOTA	0	static
platform_STM32Cube_IoT01L475VG.c:957:13:onSendCompleteFOTA	0	static
platform_STM32Cube_IoT01L475VG.c:1167:13:onIoErrorFOTA	0	static
platform_STM32Cube_IoT01L475VG.c:969:13:onOpenCompleteFOTA	0	static
platform_STM32Cube_IoT01L475VG.c:981:13:onBytesReceivedFOTA	32	static
platform_STM32Cube_IoT01L475VG.c:92:1:AZURE1_ERRORStrings	0	static
platform_STM32Cube_IoT01L475VG.c:92:1:AZURE1_ERROR_FromString	24	static
platform_STM32Cube_IoT01L475VG.c:620:6:StartTimer1	8	static
platform_STM32Cube_IoT01L475VG.c:642:6:StopTimer1	8	static
platform_STM32Cube_IoT01L475VG.c:656:33:platform_get_default_tlsio	0	static
platform_STM32Cube_IoT01L475VG.c:665:6:platform_deinit	0	static
platform_STM32Cube_IoT01L475VG.c:809:6:HAL_TIM_OC_DelayElapsedCallback	8	static
platform_STM32Cube_IoT01L475VG.c:912:6:HAL_GPIO_EXTI_Callback	0	static
platform_STM32Cube_IoT01L475VG.c:927:6:SPI3_IRQHandler	0	static
platform_STM32Cube_IoT01L475VG.c:1341:6:HAL_Delay	16	static,ignoring_inline_asm
platform_STM32Cube_IoT01L475VG.c:596:6:AzureExit	16	static
platform_STM32Cube_IoT01L475VG.c:149:5:platform_init	480	static
platform_STM32Cube_IoT01L475VG.c:542:12:net_if_init	80	static
platform_STM32Cube_IoT01L475VG.c:1189:12:FOTACallback	344	static
platform_STM32Cube_IoT01L475VG.c:1354:6:ThreadAPI_Sleep	0	static
platform_STM32Cube_IoT01L475VG.c:1430:10:UserFunctionForErasingFlash	32	static
platform_STM32Cube_IoT01L475VG.c:1466:10:UserFunctionForSavingFlash	16	static
platform_STM32Cube_IoT01L475VG.c:1496:15:platform_get_platform_info	0	static
