tlsio_mbedtls_STM32Cube_IoT01L475VG.c:223:13:on_underlying_io_close_complete_during_close	0	static
tlsio_mbedtls_STM32Cube_IoT01L475VG.c:100:6:mbedtls_debug	0	static
tlsio_mbedtls_STM32Cube_IoT01L475VG.c:354:20:tlsio_mbedtls_create	72	static
tlsio_mbedtls_STM32Cube_IoT01L475VG.c:235:12:on_io_recv	16	static
tlsio_mbedtls_STM32Cube_IoT01L475VG.c:669:22:tlsio_mbedtls_retrieveoptions	24	static
tlsio_mbedtls_STM32Cube_IoT01L475VG.c:177:13:on_underlying_io_bytes_received	16	static
tlsio_mbedtls_STM32Cube_IoT01L475VG.c:285:12:on_io_send	24	static
tlsio_mbedtls_STM32Cube_IoT01L475VG.c:196:13:on_underlying_io_error	8	static
tlsio_mbedtls_STM32Cube_IoT01L475VG.c:512:5:tlsio_mbedtls_close	8	static
tlsio_mbedtls_STM32Cube_IoT01L475VG.c:435:6:tlsio_mbedtls_destroy	16	static
tlsio_mbedtls_STM32Cube_IoT01L475VG.c:465:5:tlsio_mbedtls_open	40	static
tlsio_mbedtls_STM32Cube_IoT01L475VG.c:144:13:on_underlying_io_open_complete	16	static
tlsio_mbedtls_STM32Cube_IoT01L475VG.c:550:5:tlsio_mbedtls_send	16	static
tlsio_mbedtls_STM32Cube_IoT01L475VG.c:586:6:tlsio_mbedtls_dowork	80	static
tlsio_mbedtls_STM32Cube_IoT01L475VG.c:645:13:tlsio_mbedtls_DestroyOption	16	static
tlsio_mbedtls_STM32Cube_IoT01L475VG.c:607:14:tlsio_mbedtls_CloneOption	24	static
tlsio_mbedtls_STM32Cube_IoT01L475VG.c:716:5:tlsio_mbedtls_setoption	24	static
tlsio_mbedtls_STM32Cube_IoT01L475VG.c:601:33:tlsio_mbedtls_get_interface_description	0	static
