x509_crt.c:1822:12:x509_name_cmp	40	static
x509_crt.c:277:12:x509_get_uid	16	static
x509_crt.c:177:12:x509_profile_check_key.isra.4	8	static
x509_crt.c:1757:12:x509_check_wildcard.isra.6	24	static
x509_crt.c:1552:5:mbedtls_x509_crt_check_key_usage.part.7	0	static
x509_crt.c:1861:12:x509_crt_check_parent	24	static
x509_crt.c:2346:6:mbedtls_x509_crt_free.part.10	24	static
x509_crt.c:921:5:mbedtls_x509_crt_parse_der.part.11	160	static
x509_crt.c:921:5:mbedtls_x509_crt_parse_der	0	static
x509_crt.c:972:5:mbedtls_x509_crt_parse	80	static
x509_crt.c:1362:5:mbedtls_x509_crt_info	88	static
x509_crt.c:1523:5:mbedtls_x509_crt_verify_info	48	static
x509_crt.c:1552:5:mbedtls_x509_crt_check_key_usage	0	static
x509_crt.c:1577:5:mbedtls_x509_crt_check_extended_key_usage	24	static
x509_crt.c:1612:5:mbedtls_x509_crt_is_revoked	16	static
x509_crt.c:1635:12:x509_crt_verifycrl.part.9	136	static
x509_crt.c:1900:12:x509_crt_verify_top	144	static
x509_crt.c:2043:12:x509_crt_verify_child	152	static
x509_crt.c:2193:5:mbedtls_x509_crt_verify_with_profile	72	static
x509_crt.c:2178:5:mbedtls_x509_crt_verify	32	static
x509_crt.c:2338:6:mbedtls_x509_crt_init	0	static
x509_crt.c:2346:6:mbedtls_x509_crt_free	0	static
