Archive member included to satisfy reference by file (symbol)

c:/st/stm32cubeide_1.4.0/stm32cubeide/plugins/com.st.stm32cube.ide.mcu.externaltools.gnu-tools-for-stm32.7-2018-q2-update.win32_1.5.0.202011040924/tools/bin/../lib/gcc/arm-none-eabi/7.3.1/../../../../arm-none-eabi/lib/thumb/v7e-m/fpv4-sp/hard\libc_nano.a(lib_a-atoi.o)
                              Azure_Sns_DM/User/AzureClient_mqtt_DM_TM.o (atoi)
c:/st/stm32cubeide_1.4.0/stm32cubeide/plugins/com.st.stm32cube.ide.mcu.externaltools.gnu-tools-for-stm32.7-2018-q2-update.win32_1.5.0.202011040924/tools/bin/../lib/gcc/arm-none-eabi/7.3.1/../../../../arm-none-eabi/lib/thumb/v7e-m/fpv4-sp/hard\libc_nano.a(lib_a-atol.o)
                              Middlewares/AzureIOT/iothubtransport_mqtt_common.o (atol)
c:/st/stm32cubeide_1.4.0/stm32cubeide/plugins/com.st.stm32cube.ide.mcu.externaltools.gnu-tools-for-stm32.7-2018-q2-update.win32_1.5.0.202011040924/tools/bin/../lib/gcc/arm-none-eabi/7.3.1/../../../../arm-none-eabi/lib/thumb/v7e-m/fpv4-sp/hard\libc_nano.a(lib_a-calloc.o)
                              Azure_Sns_DM/User/AzureClient_mqtt_DM_TM.o (calloc)
c:/st/stm32cubeide_1.4.0/stm32cubeide/plugins/com.st.stm32cube.ide.mcu.externaltools.gnu-tools-for-stm32.7-2018-q2-update.win32_1.5.0.202011040924/tools/bin/../lib/gcc/arm-none-eabi/7.3.1/../../../../arm-none-eabi/lib/thumb/v7e-m/fpv4-sp/hard\libc_nano.a(lib_a-ctime.o)
                              Azure_Sns_DM/User/agenttime_STM32Cube.o (ctime)
c:/st/stm32cubeide_1.4.0/stm32cubeide/plugins/com.st.stm32cube.ide.mcu.externaltools.gnu-tools-for-stm32.7-2018-q2-update.win32_1.5.0.202011040924/tools/bin/../lib/gcc/arm-none-eabi/7.3.1/../../../../arm-none-eabi/lib/thumb/v7e-m/fpv4-sp/hard\libc_nano.a(lib_a-difftime.o)
                              Azure_Sns_DM/User/agenttime_STM32Cube.o (difftime)
c:/st/stm32cubeide_1.4.0/stm32cubeide/plugins/com.st.stm32cube.ide.mcu.externaltools.gnu-tools-for-stm32.7-2018-q2-update.win32_1.5.0.202011040924/tools/bin/../lib/gcc/arm-none-eabi/7.3.1/../../../../arm-none-eabi/lib/thumb/v7e-m/fpv4-sp/hard\libc_nano.a(lib_a-errno.o)
                              Azure_Sns_DM/SW4STM32/syscalls.o (__errno)
c:/st/stm32cubeide_1.4.0/stm32cubeide/plugins/com.st.stm32cube.ide.mcu.externaltools.gnu-tools-for-stm32.7-2018-q2-update.win32_1.5.0.202011040924/tools/bin/../lib/gcc/arm-none-eabi/7.3.1/../../../../arm-none-eabi/lib/thumb/v7e-m/fpv4-sp/hard\libc_nano.a(lib_a-exit.o)
                              c:/st/stm32cubeide_1.4.0/stm32cubeide/plugins/com.st.stm32cube.ide.mcu.externaltools.gnu-tools-for-stm32.7-2018-q2-update.win32_1.5.0.202011040924/tools/bin/../lib/gcc/arm-none-eabi/7.3.1/../../../../arm-none-eabi/lib/thumb/v7e-m/fpv4-sp/hard/crt0.o (exit)
c:/st/stm32cubeide_1.4.0/stm32cubeide/plugins/com.st.stm32cube.ide.mcu.externaltools.gnu-tools-for-stm32.7-2018-q2-update.win32_1.5.0.202011040924/tools/bin/../lib/gcc/arm-none-eabi/7.3.1/../../../../arm-none-eabi/lib/thumb/v7e-m/fpv4-sp/hard\libc_nano.a(lib_a-fclose.o)
                              Middlewares/AzureIOT/parson.o (fclose)
c:/st/stm32cubeide_1.4.0/stm32cubeide/plugins/com.st.stm32cube.ide.mcu.externaltools.gnu-tools-for-stm32.7-2018-q2-update.win32_1.5.0.202011040924/tools/bin/../lib/gcc/arm-none-eabi/7.3.1/../../../../arm-none-eabi/lib/thumb/v7e-m/fpv4-sp/hard\libc_nano.a(lib_a-ferror.o)
                              Middlewares/AzureIOT/parson.o (ferror)
c:/st/stm32cubeide_1.4.0/stm32cubeide/plugins/com.st.stm32cube.ide.mcu.externaltools.gnu-tools-for-stm32.7-2018-q2-update.win32_1.5.0.202011040924/tools/bin/../lib/gcc/arm-none-eabi/7.3.1/../../../../arm-none-eabi/lib/thumb/v7e-m/fpv4-sp/hard\libc_nano.a(lib_a-fflush.o)
                              c:/st/stm32cubeide_1.4.0/stm32cubeide/plugins/com.st.stm32cube.ide.mcu.externaltools.gnu-tools-for-stm32.7-2018-q2-update.win32_1.5.0.202011040924/tools/bin/../lib/gcc/arm-none-eabi/7.3.1/../../../../arm-none-eabi/lib/thumb/v7e-m/fpv4-sp/hard\libc_nano.a(lib_a-fclose.o) (__sflush_r)
c:/st/stm32cubeide_1.4.0/stm32cubeide/plugins/com.st.stm32cube.ide.mcu.externaltools.gnu-tools-for-stm32.7-2018-q2-update.win32_1.5.0.202011040924/tools/bin/../lib/gcc/arm-none-eabi/7.3.1/../../../../arm-none-eabi/lib/thumb/v7e-m/fpv4-sp/hard\libc_nano.a(lib_a-findfp.o)
                              c:/st/stm32cubeide_1.4.0/stm32cubeide/plugins/com.st.stm32cube.ide.mcu.externaltools.gnu-tools-for-stm32.7-2018-q2-update.win32_1.5.0.202011040924/tools/bin/../lib/gcc/arm-none-eabi/7.3.1/../../../../arm-none-eabi/lib/thumb/v7e-m/fpv4-sp/hard\libc_nano.a(lib_a-fclose.o) (__sinit)
c:/st/stm32cubeide_1.4.0/stm32cubeide/plugins/com.st.stm32cube.ide.mcu.externaltools.gnu-tools-for-stm32.7-2018-q2-update.win32_1.5.0.202011040924/tools/bin/../lib/gcc/arm-none-eabi/7.3.1/../../../../arm-none-eabi/lib/thumb/v7e-m/fpv4-sp/hard\libc_nano.a(lib_a-fopen.o)
                              Middlewares/AzureIOT/parson.o (fopen)
[...]
Memory Configuration

Name             Origin             Length             Attributes
FLASH            0x0000000008004000 0x000000000007c000 xr
RAM              0x0000000020000000 0x0000000000018000 xrw
RAM2             0x0000000010000000 0x0000000000008000 xrw
*default*        0x0000000000000000 0xffffffffffffffff

Linker script and memory map

LOAD c:/st/stm32cubeide_1.4.0/stm32cubeide/plugins/com.st.stm32cube.ide.mcu.externaltools.gnu-tools-for-stm32.7-2018-q2-update.win32_1.5.0.202011040924/tools/bin/../lib/gcc/arm-none-eabi/7.3.1/thumb/v7e-m/fpv4-sp/hard/crti.o
LOAD c:/st/stm32cubeide_1.4.0/stm32cubeide/plugins/com.st.stm32cube.ide.mcu.externaltools.gnu-tools-for-stm32.7-2018-q2-update.win32_1.5.0.202011040924/tools/bin/../lib/gcc/arm-none-eabi/7.3.1/thumb/v7e-m/fpv4-sp/hard/crtbegin.o
LOAD c:/st/stm32cubeide_1.4.0/stm32cubeide/plugins/com.st.stm32cube.ide.mcu.externaltools.gnu-tools-for-stm32.7-2018-q2-update.win32_1.5.0.202011040924/tools/bin/../lib/gcc/arm-none-eabi/7.3.1/../../../../arm-none-eabi/lib/thumb/v7e-m/fpv4-sp/hard/crt0.o
LOAD Azure_Sns_DM/SW4STM32/startup_stm32l475xx.o
LOAD Azure_Sns_DM/SW4STM32/syscalls.o
LOAD Azure_Sns_DM/User/AzureClient_mqtt_DM_TM.o
LOAD Azure_Sns_DM/User/OTA.o
LOAD Azure_Sns_DM/User/RegistrationAgentInternal.o
LOAD Azure_Sns_DM/User/STM32CubeRTCInterface.o
LOAD Azure_Sns_DM/User/agenttime_STM32Cube.o
LOAD Azure_Sns_DM/User/az_socketio_mbed.o
LOAD Azure_Sns_DM/User/az_tcpsocketconnection_c_STM32Cube.o
LOAD Azure_Sns_DM/User/azure_base64.o
LOAD Azure_Sns_DM/User/azure_sha1.o
LOAD Azure_Sns_DM/User/console.o
LOAD Azure_Sns_DM/User/es_wifi_io.o
LOAD Azure_Sns_DM/User/m24sr_wrapper.o
LOAD Azure_Sns_DM/User/main.o
LOAD Azure_Sns_DM/User/mbedtls_net.o
LOAD Azure_Sns_DM/User/net.o
LOAD Azure_Sns_DM/User/net_tcp_wifi.o
LOAD Azure_Sns_DM/User/net_tls_mbedtls.o
LOAD Azure_Sns_DM/User/platform_STM32Cube_IoT01L475VG.o
LOAD Azure_Sns_DM/User/stm32l4xx_hal_msp.o
LOAD Azure_Sns_DM/User/stm32l4xx_it.o
LOAD Azure_Sns_DM/User/tickcounter_STM32Cube.o
LOAD Azure_Sns_DM/User/timingSystem.o
LOAD Azure_Sns_DM/User/tlsio_mbedtls_STM32Cube_IoT01L475VG.o
LOAD Azure_Sns_DM/User/wifi.o
LOAD Drivers/BSP/B-L475E-IOT01/stm32l475e_iot01.o
LOAD Drivers/BSP/B-L475E-IOT01/stm32l475e_iot01_accelero.o
LOAD Drivers/BSP/B-L475E-IOT01/stm32l475e_iot01_gyro.o
LOAD Drivers/BSP/B-L475E-IOT01/stm32l475e_iot01_hsensor.o
LOAD Drivers/BSP/B-L475E-IOT01/stm32l475e_iot01_magneto.o
LOAD Drivers/BSP/B-L475E-IOT01/stm32l475e_iot01_psensor.o
LOAD Drivers/BSP/B-L475E-IOT01/stm32l475e_iot01_tsensor.o
LOAD Drivers/BSP/Components/es_wifi.o
LOAD Drivers/BSP/Components/hts221.o
LOAD Drivers/BSP/Components/lis3mdl.o
LOAD Drivers/BSP/Components/lps22hb.o
LOAD Drivers/BSP/Components/lsm6dsl.o
LOAD Drivers/BSP/Components/m24sr_v1.1.o
LOAD Drivers/CMSIS/system_stm32l4xx.o
LOAD Drivers/STM32L4xx_HAL_Driver/stm32l4xx_hal.o
LOAD Drivers/STM32L4xx_HAL_Driver/stm32l4xx_hal_cortex.o
LOAD Drivers/STM32L4xx_HAL_Driver/stm32l4xx_hal_crc.o
LOAD Drivers/STM32L4xx_HAL_Driver/stm32l4xx_hal_crc_ex.o
LOAD Drivers/STM32L4xx_HAL_Driver/stm32l4xx_hal_dma.o
LOAD Drivers/STM32L4xx_HAL_Driver/stm32l4xx_hal_flash.o
LOAD Drivers/STM32L4xx_HAL_Driver/stm32l4xx_hal_flash_ex.o
LOAD Drivers/STM32L4xx_HAL_Driver/stm32l4xx_hal_gpio.o
LOAD Drivers/STM32L4xx_HAL_Driver/stm32l4xx_hal_i2c.o
LOAD Drivers/STM32L4xx_HAL_Driver/stm32l4xx_hal_i2c_ex.o
LOAD Drivers/STM32L4xx_HAL_Driver/stm32l4xx_hal_pwr.o
LOAD Drivers/STM32L4xx_HAL_Driver/stm32l4xx_hal_pwr_ex.o
LOAD Drivers/STM32L4xx_HAL_Driver/stm32l4xx_hal_rcc.o
LOAD Drivers/STM32L4xx_HAL_Driver/stm32l4xx_hal_rcc_ex.o
LOAD Drivers/STM32L4xx_HAL_Driver/stm32l4xx_hal_rng.o
LOAD Drivers/STM32L4xx_HAL_Driver/stm32l4xx_hal_rtc.o
LOAD Drivers/STM32L4xx_HAL_Driver/stm32l4xx_hal_rtc_ex.o
LOAD Drivers/STM32L4xx_HAL_Driver/stm32l4xx_hal_spi.o
LOAD Drivers/STM32L4xx_HAL_Driver/stm32l4xx_hal_spi_ex.o
LOAD Drivers/STM32L4xx_HAL_Driver/stm32l4xx_hal_tim.o
LOAD Drivers/STM32L4xx_HAL_Driver/stm32l4xx_hal_tim_ex.o
LOAD Drivers/STM32L4xx_HAL_Driver/stm32l4xx_hal_uart.o
LOAD Drivers/STM32L4xx_HAL_Driver/stm32l4xx_hal_uart_ex.o
LOAD Drivers/STM32L4xx_HAL_Driver/stm32l4xx_hal_usart.o
LOAD Middlewares/AzureIOT/agenttypesystem.o
LOAD Middlewares/AzureIOT/buffer.o
LOAD Middlewares/AzureIOT/codefirst.o
LOAD Middlewares/AzureIOT/commanddecoder.o
LOAD Middlewares/AzureIOT/constbuffer.o
LOAD Middlewares/AzureIOT/constmap.o
LOAD Middlewares/AzureIOT/crt_abstractions.o
LOAD Middlewares/AzureIOT/datamarshaller.o
LOAD Middlewares/AzureIOT/datapublisher.o
LOAD Middlewares/AzureIOT/doublylinkedlist.o
LOAD Middlewares/AzureIOT/hmac.o
LOAD Middlewares/AzureIOT/hmacsha256.o
LOAD Middlewares/AzureIOT/iotdevice.o
LOAD Middlewares/AzureIOT/iothub_client_authorization.o
LOAD Middlewares/AzureIOT/iothub_client_diagnostic.o
LOAD Middlewares/AzureIOT/iothub_client_ll.o
LOAD Middlewares/AzureIOT/iothub_client_retry_control.o
LOAD Middlewares/AzureIOT/iothub_message.o
LOAD Middlewares/AzureIOT/iothubtransport_mqtt_common.o
LOAD Middlewares/AzureIOT/iothubtransportmqtt.o
LOAD Middlewares/AzureIOT/jsondecoder.o
LOAD Middlewares/AzureIOT/jsonencoder.o
LOAD Middlewares/AzureIOT/map.o
LOAD Middlewares/AzureIOT/methodreturn.o
LOAD Middlewares/AzureIOT/mqtt_client.o
LOAD Middlewares/AzureIOT/mqtt_codec.o
LOAD Middlewares/AzureIOT/mqtt_message.o
LOAD Middlewares/AzureIOT/multitree.o
LOAD Middlewares/AzureIOT/optionhandler.o
LOAD Middlewares/AzureIOT/parson.o
LOAD Middlewares/AzureIOT/sastoken.o
LOAD Middlewares/AzureIOT/schema.o
LOAD Middlewares/AzureIOT/schemalib.o
LOAD Middlewares/AzureIOT/sha224.o
LOAD Middlewares/AzureIOT/sha384-512.o
LOAD Middlewares/AzureIOT/singlylinkedlist.o
LOAD Middlewares/AzureIOT/string_tokenizer.o
LOAD Middlewares/AzureIOT/strings.o
LOAD Middlewares/AzureIOT/urlencode.o
LOAD Middlewares/AzureIOT/usha.o
LOAD Middlewares/AzureIOT/vector.o
LOAD Middlewares/AzureIOT/xio.o
LOAD Middlewares/LibNDEF/lib_NDEF.o
LOAD Middlewares/LibNDEF/lib_NDEF_Text.o
LOAD Middlewares/LibNDEF/lib_NDEF_URI.o
LOAD Middlewares/LibNDEF/lib_NDEF_Wifi.o
LOAD Middlewares/LibNDEF/lib_TagType4.o
LOAD Middlewares/MetaDataManager/MetaDataManager.o
LOAD Middlewares/mbedTLS/aes.o
LOAD Middlewares/mbedTLS/aesni.o
LOAD Middlewares/mbedTLS/asn1parse.o
LOAD Middlewares/mbedTLS/base64.o
LOAD Middlewares/mbedTLS/bignum.o
LOAD Middlewares/mbedTLS/cipher.o
LOAD Middlewares/mbedTLS/cipher_wrap.o
LOAD Middlewares/mbedTLS/ctr_drbg.o
LOAD Middlewares/mbedTLS/debug.o
LOAD Middlewares/mbedTLS/ecdh.o
LOAD Middlewares/mbedTLS/ecp.o
LOAD Middlewares/mbedTLS/ecp_curves.o
LOAD Middlewares/mbedTLS/entropy.o
LOAD Middlewares/mbedTLS/gcm.o
LOAD Middlewares/mbedTLS/md.o
LOAD Middlewares/mbedTLS/md_wrap.o
LOAD Middlewares/mbedTLS/oid.o
LOAD Middlewares/mbedTLS/pem.o
LOAD Middlewares/mbedTLS/pk.o
LOAD Middlewares/mbedTLS/pk_wrap.o
LOAD Middlewares/mbedTLS/pkparse.o
LOAD Middlewares/mbedTLS/platform.o
LOAD Middlewares/mbedTLS/rsa.o
LOAD Middlewares/mbedTLS/sha1.o
LOAD Middlewares/mbedTLS/sha256.o
LOAD Middlewares/mbedTLS/sha512.o
LOAD Middlewares/mbedTLS/ssl_ciphersuites.o
LOAD Middlewares/mbedTLS/ssl_cli.o
LOAD Middlewares/mbedTLS/ssl_tls.o
LOAD Middlewares/mbedTLS/x509.o
LOAD Middlewares/mbedTLS/x509_crl.o
LOAD Middlewares/mbedTLS/x509_crt.o
START GROUP
LOAD c:/st/stm32cubeide_1.4.0/stm32cubeide/plugins/com.st.stm32cube.ide.mcu.externaltools.gnu-tools-for-stm32.7-2018-q2-update.win32_1.5.0.202011040924/tools/bin/../lib/gcc/arm-none-eabi/7.3.1/../../../../arm-none-eabi/lib/thumb/v7e-m/fpv4-sp/hard\libc_nano.a
LOAD c:/st/stm32cubeide_1.4.0/stm32cubeide/plugins/com.st.stm32cube.ide.mcu.externaltools.gnu-tools-for-stm32.7-2018-q2-update.win32_1.5.0.202011040924/tools/bin/../lib/gcc/arm-none-eabi/7.3.1/../../../../arm-none-eabi/lib/thumb/v7e-m/fpv4-sp/hard\libm.a
END GROUP
START GROUP
LOAD c:/st/stm32cubeide_1.4.0/stm32cubeide/plugins/com.st.stm32cube.ide.mcu.externaltools.gnu-tools-for-stm32.7-2018-q2-update.win32_1.5.0.202011040924/tools/bin/../lib/gcc/arm-none-eabi/7.3.1/thumb/v7e-m/fpv4-sp/hard\libgcc.a
LOAD c:/st/stm32cubeide_1.4.0/stm32cubeide/plugins/com.st.stm32cube.ide.mcu.externaltools.gnu-tools-for-stm32.7-2018-q2-update.win32_1.5.0.202011040924/tools/bin/../lib/gcc/arm-none-eabi/7.3.1/../../../../arm-none-eabi/lib/thumb/v7e-m/fpv4-sp/hard\libc_nano.a
END GROUP
START GROUP
LOAD c:/st/stm32cubeide_1.4.0/stm32cubeide/plugins/com.st.stm32cube.ide.mcu.externaltools.gnu-tools-for-stm32.7-2018-q2-update.win32_1.5.0.202011040924/tools/bin/../lib/gcc/arm-none-eabi/7.3.1/thumb/v7e-m/fpv4-sp/hard\libgcc.a
LOAD c:/st/stm32cubeide_1.4.0/stm32cubeide/plugins/com.st.stm32cube.ide.mcu.externaltools.gnu-tools-for-stm32.7-2018-q2-update.win32_1.5.0.202011040924/tools/bin/../lib/gcc/arm-none-eabi/7.3.1/../../../../arm-none-eabi/lib/thumb/v7e-m/fpv4-sp/hard\libc_nano.a
END GROUP
LOAD c:/st/stm32cubeide_1.4.0/stm32cubeide/plugins/com.st.stm32cube.ide.mcu.externaltools.gnu-tools-for-stm32.7-2018-q2-update.win32_1.5.0.202011040924/tools/bin/../lib/gcc/arm-none-eabi/7.3.1/thumb/v7e-m/fpv4-sp/hard/crtend.o
LOAD c:/st/stm32cubeide_1.4.0/stm32cubeide/plugins/com.st.stm32cube.ide.mcu.externaltools.gnu-tools-for-stm32.7-2018-q2-update.win32_1.5.0.202011040924/tools/bin/../lib/gcc/arm-none-eabi/7.3.1/thumb/v7e-m/fpv4-sp/hard/crtn.o
                0x0000000020018000                _estack = (ORIGIN (RAM) + LENGTH (RAM))
                0x0000000000012000                _Min_Heap_Size = 0x12000
                0x0000000000006000                _Min_Stack_Size = 0x6000

.isr_vector     0x0000000008004000      0x188
                0x0000000008004000                . = ALIGN (0x8)
 *(.isr_vector)
 .isr_vector    0x0000000008004000      0x188 Azure_Sns_DM/SW4STM32/startup_stm32l475xx.o
                0x0000000008004000                g_pfnVectors
                0x0000000008004188                . = ALIGN (0x8)

.text           0x0000000008004190    0x38eb8
                0x0000000008004190                . = ALIGN (0x8)
 *(.text)
 .text          0x0000000008004190       0x40 c:/st/stm32cubeide_1.4.0/stm32cubeide/plugins/com.st.stm32cube.ide.mcu.externaltools.gnu-tools-for-stm32.7-2018-q2-update.win32_1.5.0.202011040924/tools/bin/../lib/gcc/arm-none-eabi/7.3.1/thumb/v7e-m/fpv4-sp/hard/crtbegin.o
 .text          0x00000000080041d0       0x14 c:/st/stm32cubeide_1.4.0/stm32cubeide/plugins/com.st.stm32cube.ide.mcu.externaltools.gnu-tools-for-stm32.7-2018-q2-update.win32_1.5.0.202011040924/tools/bin/../lib/gcc/arm-none-eabi/7.3.1/../../../../arm-none-eabi/lib/thumb/v7e-m/fpv4-sp/hard\libc_nano.a(lib_a-strcmp.o)
                0x00000000080041d0                strcmp
 .text          0x00000000080041e4       0x10 c:/st/stm32cubeide_1.4.0/stm32cubeide/plugins/com.st.stm32cube.ide.mcu.externaltools.gnu-tools-for-stm32.7-2018-q2-update.win32_1.5.0.202011040924/tools/bin/../lib/gcc/arm-none-eabi/7.3.1/../../../../arm-none-eabi/lib/thumb/v7e-m/fpv4-sp/hard\libc_nano.a(lib_a-strlen.o)
                0x00000000080041e4                strlen
 *fill*         0x00000000080041f4        0xc 
 .text          0x0000000008004200       0xa0 c:/st/stm32cubeide_1.4.0/stm32cubeide/plugins/com.st.stm32cube.ide.mcu.externaltools.gnu-tools-for-stm32.7-2018-q2-update.win32_1.5.0.202011040924/tools/bin/../lib/gcc/arm-none-eabi/7.3.1/../../../../arm-none-eabi/lib/thumb/v7e-m/fpv4-sp/hard\libc_nano.a(lib_a-memchr.o)
                0x0000000008004200                memchr
 .text          0x00000000080042a0      0x378 c:/st/stm32cubeide_1.4.0/stm32cubeide/plugins/com.st.stm32cube.ide.mcu.externaltools.gnu-tools-for-stm32.7-2018-q2-update.win32_1.5.0.202011040924/tools/bin/../lib/gcc/arm-none-eabi/7.3.1/thumb/v7e-m/fpv4-sp/hard\libgcc.a(_arm_addsubdf3.o)
                0x00000000080042a0                __aeabi_drsub
                0x00000000080042a8                __aeabi_dsub
                0x00000000080042a8                __subdf3
                0x00000000080042ac                __aeabi_dadd
                0x00000000080042ac                __adddf3
                0x0000000008004524                __floatunsidf
                0x0000000008004524                __aeabi_ui2d
                0x0000000008004544                __floatsidf
                0x0000000008004544                __aeabi_i2d
                0x0000000008004568                __aeabi_f2d
                0x0000000008004568                __extendsfdf2
                0x00000000080045ac                __floatundidf
                0x00000000080045ac                __aeabi_ul2d
                0x00000000080045bc                __floatdidf
                0x00000000080045bc                __aeabi_l2d
 .text          0x0000000008004618      0x424 c:/st/stm32cubeide_1.4.0/stm32cubeide/plugins/com.st.stm32cube.ide.mcu.externaltools.gnu-tools-for-stm32.7-2018-q2-update.win32_1.5.0.202011040924/tools/bin/../lib/gcc/arm-none-eabi/7.3.1/thumb/v7e-m/fpv4-sp/hard\libgcc.a(_arm_muldivdf3.o)
                0x0000000008004618                __aeabi_dmul
                0x0000000008004618                __muldf3
                0x000000000800486c                __divdf3
                0x000000000800486c                __aeabi_ddiv
 .text          0x0000000008004a3c      0x110 c:/st/stm32cubeide_1.4.0/stm32cubeide/plugins/com.st.stm32cube.ide.mcu.externaltools.gnu-tools-for-stm32.7-2018-q2-update.win32_1.5.0.202011040924/tools/bin/../lib/gcc/arm-none-eabi/7.3.1/thumb/v7e-m/fpv4-sp/hard\libgcc.a(_arm_cmpdf2.o)
                0x0000000008004a3c                __gtdf2
                0x0000000008004a3c                __gedf2
                0x0000000008004a44                __ltdf2
                0x0000000008004a44                __ledf2
                0x0000000008004a4c                __nedf2
                0x0000000008004a4c                __eqdf2
                0x0000000008004a4c                __cmpdf2
                0x0000000008004ac8                __aeabi_cdrcmple
                0x0000000008004ad8                __aeabi_cdcmpeq
                0x0000000008004ad8                __aeabi_cdcmple
                0x0000000008004ae8                __aeabi_dcmpeq
                0x0000000008004afc                __aeabi_dcmplt
                0x0000000008004b10                __aeabi_dcmple
                0x0000000008004b24                __aeabi_dcmpge
                0x0000000008004b38                __aeabi_dcmpgt
 .text          0x0000000008004b4c       0x2c c:/st/stm32cubeide_1.4.0/stm32cubeide/plugins/com.st.stm32cube.ide.mcu.externaltools.gnu-tools-for-stm32.7-2018-q2-update.win32_1.5.0.202011040924/tools/bin/../lib/gcc/arm-none-eabi/7.3.1/thumb/v7e-m/fpv4-sp/hard\libgcc.a(_arm_unorddf2.o)
                0x0000000008004b4c                __unorddf2
                0x0000000008004b4c                __aeabi_dcmpun
 .text          0x0000000008004b78       0x50 c:/st/stm32cubeide_1.4.0/stm32cubeide/plugins/com.st.stm32cube.ide.mcu.externaltools.gnu-tools-for-stm32.7-2018-q2-update.win32_1.5.0.202011040924/tools/bin/../lib/gcc/arm-none-eabi/7.3.1/thumb/v7e-m/fpv4-sp/hard\libgcc.a(_arm_fixdfsi.o)
                0x0000000008004b78                __aeabi_d2iz
                0x0000000008004b78                __fixdfsi
 .text          0x0000000008004bc8       0x40 c:/st/stm32cubeide_1.4.0/stm32cubeide/plugins/com.st.stm32cube.ide.mcu.externaltools.gnu-tools-for-stm32.7-2018-q2-update.win32_1.5.0.202011040924/tools/bin/../lib/gcc/arm-none-eabi/7.3.1/thumb/v7e-m/fpv4-sp/hard\libgcc.a(_arm_fixunsdfsi.o)
                0x0000000008004bc8                __aeabi_d2uiz
                0x0000000008004bc8                __fixunsdfsi
 .text          0x0000000008004c08       0xa0 c:/st/stm32cubeide_1.4.0/stm32cubeide/plugins/com.st.stm32cube.ide.mcu.externaltools.gnu-tools-for-stm32.7-2018-q2-update.win32_1.5.0.202011040924/tools/bin/../lib/gcc/arm-none-eabi/7.3.1/thumb/v7e-m/fpv4-sp/hard\libgcc.a(_arm_truncdfsf2.o)
                0x0000000008004c08                __truncdfsf2
                0x0000000008004c08                __aeabi_d2f
 .text          0x0000000008004ca8       0xa0 c:/st/stm32cubeide_1.4.0/stm32cubeide/plugins/com.st.stm32cube.ide.mcu.externaltools.gnu-tools-for-stm32.7-2018-q2-update.win32_1.5.0.202011040924/tools/bin/../lib/gcc/arm-none-eabi/7.3.1/thumb/v7e-m/fpv4-sp/hard\libgcc.a(_aeabi_ldivmod.o)
                0x0000000008004ca8                __aeabi_ldivmod
 .text          0x0000000008004d48       0x30 c:/st/stm32cubeide_1.4.0/stm32cubeide/plugins/com.st.stm32cube.ide.mcu.externaltools.gnu-tools-for-stm32.7-2018-q2-update.win32_1.5.0.202011040924/tools/bin/../lib/gcc/arm-none-eabi/7.3.1/thumb/v7e-m/fpv4-sp/hard\libgcc.a(_aeabi_uldivmod.o)
                0x0000000008004d48                __aeabi_uldivmod
 .text          0x0000000008004d78      0x2cc c:/st/stm32cubeide_1.4.0/stm32cubeide/plugins/com.st.stm32cube.ide.mcu.externaltools.gnu-tools-for-stm32.7-2018-q2-update.win32_1.5.0.202011040924/tools/bin/../lib/gcc/arm-none-eabi/7.3.1/thumb/v7e-m/fpv4-sp/hard\libgcc.a(_udivmoddi4.o)
                0x0000000008004d78                __udivmoddi4
 .text          0x0000000008005044        0x4 c:/st/stm32cubeide_1.4.0/stm32cubeide/plugins/com.st.stm32cube.ide.mcu.externaltools.gnu-tools-for-stm32.7-2018-q2-update.win32_1.5.0.202011040924/tools/bin/../lib/gcc/arm-none-eabi/7.3.1/thumb/v7e-m/fpv4-sp/hard\libgcc.a(_dvmd_tls.o)
                0x0000000008005044                __aeabi_idiv0
                0x0000000008005044                __aeabi_ldiv0
 *(.text*)
 .text.Reset_Handler
                0x0000000008005048       0x50 Azure_Sns_DM/SW4STM32/startup_stm32l475xx.o
                0x0000000008005048                Reset_Handler
 .text.Default_Handler
                0x0000000008005098        0x2 Azure_Sns_DM/SW4STM32/startup_stm32l475xx.o
                0x0000000008005098                RTC_Alarm_IRQHandler
                0x0000000008005098                EXTI2_IRQHandler
                0x0000000008005098                TIM8_TRG_COM_IRQHandler
                0x0000000008005098                TIM8_CC_IRQHandler
                0x0000000008005098                TSC_IRQHandler
                0x0000000008005098                TAMP_STAMP_IRQHandler
                0x0000000008005098                EXTI3_IRQHandler
                0x0000000008005098                LPTIM2_IRQHandler
                0x0000000008005098                DFSDM1_FLT1_IRQHandler
                0x0000000008005098                I2C3_ER_IRQHandler
                0x0000000008005098                DFSDM1_FLT2_IRQHandler
                0x0000000008005098                EXTI0_IRQHandler
                0x0000000008005098                I2C2_EV_IRQHandler
                0x0000000008005098                CAN1_RX0_IRQHandler
                0x0000000008005098                FPU_IRQHandler
                0x0000000008005098                TIM1_UP_TIM16_IRQHandler
                0x0000000008005098                ADC1_2_IRQHandler
                0x0000000008005098                SPI1_IRQHandler
                0x0000000008005098                TIM6_DAC_IRQHandler
                0x0000000008005098                TIM8_UP_IRQHandler
                0x0000000008005098                DMA2_Channel2_IRQHandler
                0x0000000008005098                DMA1_Channel4_IRQHandler
                0x0000000008005098                SAI2_IRQHandler
                0x0000000008005098                DFSDM1_FLT3_IRQHandler
                0x0000000008005098                USART3_IRQHandler
                0x0000000008005098                DMA1_Channel7_IRQHandler
                0x0000000008005098                CAN1_RX1_IRQHandler
                0x0000000008005098                UART5_IRQHandler
                0x0000000008005098                ADC3_IRQHandler
                0x0000000008005098                TIM4_IRQHandler
                0x0000000008005098                DMA2_Channel1_IRQHandler
                0x0000000008005098                QUADSPI_IRQHandler
                0x0000000008005098                I2C1_EV_IRQHandler
                0x0000000008005098                DMA1_Channel6_IRQHandler
                0x0000000008005098                UART4_IRQHandler
                0x0000000008005098                DMA2_Channel4_IRQHandler
                0x0000000008005098                TIM3_IRQHandler
                0x0000000008005098                RCC_IRQHandler
                0x0000000008005098                DMA1_Channel1_IRQHandler
                0x0000000008005098                Default_Handler
                0x0000000008005098                DMA2_Channel7_IRQHandler
                0x0000000008005098                TIM7_IRQHandler
                0x0000000008005098                SDMMC1_IRQHandler
                0x0000000008005098                TIM5_IRQHandler
                0x0000000008005098                I2C3_EV_IRQHandler
                0x0000000008005098                EXTI9_5_IRQHandler
                0x0000000008005098                RTC_WKUP_IRQHandler
                0x0000000008005098                PVD_PVM_IRQHandler
                0x0000000008005098                SPI2_IRQHandler
                0x0000000008005098                CAN1_TX_IRQHandler
                0x0000000008005098                DMA2_Channel5_IRQHandler
                0x0000000008005098                DMA1_Channel5_IRQHandler
                0x0000000008005098                RNG_IRQHandler
                0x0000000008005098                TIM1_TRG_COM_TIM17_IRQHandler
                0x0000000008005098                DMA1_Channel3_IRQHandler
                0x0000000008005098                COMP_IRQHandler
                0x0000000008005098                WWDG_IRQHandler
                0x0000000008005098                LPUART1_IRQHandler
                0x0000000008005098                DMA2_Channel6_IRQHandler
                0x0000000008005098                TIM2_IRQHandler
                0x0000000008005098                USART2_IRQHandler
                0x0000000008005098                DFSDM1_FLT0_IRQHandler
                0x0000000008005098                I2C2_ER_IRQHandler
                0x0000000008005098                DMA1_Channel2_IRQHandler
                0x0000000008005098                TIM8_BRK_IRQHandler
                0x0000000008005098                CAN1_SCE_IRQHandler
                0x0000000008005098                FLASH_IRQHandler
                0x0000000008005098                USART1_IRQHandler
                0x0000000008005098                OTG_FS_IRQHandler
                0x0000000008005098                I2C1_ER_IRQHandler
                0x0000000008005098                FMC_IRQHandler
                0x0000000008005098                SWPMI1_IRQHandler
                0x0000000008005098                LPTIM1_IRQHandler
                0x0000000008005098                SAI1_IRQHandler
                0x0000000008005098                DMA2_Channel3_IRQHandler
                0x0000000008005098                TIM1_BRK_TIM15_IRQHandler
 *fill*         0x000000000800509a        0x2 
 .text._sbrk    0x000000000800509c       0x40 Azure_Sns_DM/SW4STM32/syscalls.o
                0x000000000800509c                _sbrk
 .text._write   0x00000000080050dc       0x1c Azure_Sns_DM/SW4STM32/syscalls.o
                0x00000000080050dc                _write
 .text._close   0x00000000080050f8        0x8 Azure_Sns_DM/SW4STM32/syscalls.o
                0x00000000080050f8                _close
 .text._fstat   0x0000000008005100        0xc Azure_Sns_DM/SW4STM32/syscalls.o
                0x0000000008005100                _fstat
 .text._isatty  0x000000000800510c        0x4 Azure_Sns_DM/SW4STM32/syscalls.o
                0x000000000800510c                _isatty
 .text._lseek   0x0000000008005110        0x4 Azure_Sns_DM/SW4STM32/syscalls.o
                0x0000000008005110                _lseek
 .text._read    0x0000000008005114       0x10 Azure_Sns_DM/SW4STM32/syscalls.o
                0x0000000008005114                _read
 .text.FromAGENT_DATA_TYPE_int
                0x0000000008005124       0x10 Azure_Sns_DM/User/AzureClient_mqtt_DM_TM.o
 .text.DesiredPropertyInitialize_Azure1_tDesiredTelemetryInterval
                0x0000000008005134        0x8 Azure_Sns_DM/User/AzureClient_mqtt_DM_TM.o
 .text.DesiredPropertyDeinitialize_Azure1_tDesiredTelemetryInterval
                0x000000000800513c        0x4 Azure_Sns_DM/User/AzureClient_mqtt_DM_TM.o
 .text.RebootWRAPPER
                0x0000000008005140       0x30 Azure_Sns_DM/User/AzureClient_mqtt_DM_TM.o
 .text.QuitWRAPPER
                0x0000000008005170       0x30 Azure_Sns_DM/User/AzureClient_mqtt_DM_TM.o
 .text.DeviceTwinCallback
                0x00000000080051a0       0x20 Azure_Sns_DM/User/AzureClient_mqtt_DM_TM.o
 .text.deviceMethodCallback
                0x00000000080051c0       0xa0 Azure_Sns_DM/User/AzureClient_mqtt_DM_TM.o
 .text.ReceiveMessageCallback
                0x0000000008005260       0x84 Azure_Sns_DM/User/AzureClient_mqtt_DM_TM.o
 .text.Create_AGENT_DATA_TYPE_From_Ptr_Azure1_tdeviceId
                0x00000000080052e4       0x10 Azure_Sns_DM/User/AzureClient_mqtt_DM_TM.o
 .text.Create_AGENT_DATA_TYPE_From_Ptr_Azure1_tAzureStatus
                0x00000000080052f4        0x4 Azure_Sns_DM/User/AzureClient_mqtt_DM_TM.o
 .text.Create_AGENT_DATA_TYPE_From_Ptr_Azure1_tAzureFwVersion
                0x00000000080052f8        0x4 Azure_Sns_DM/User/AzureClient_mqtt_DM_TM.o
 .text.Create_AGENT_DATA_TYPE_From_Ptr_Azure1_tmessageId
                0x00000000080052fc       0x10 Azure_Sns_DM/User/AzureClient_mqtt_DM_TM.o
 .text.Create_AGENT_DATA_TYPE_From_Ptr_Azure1_taccX
                0x000000000800530c        0x4 Azure_Sns_DM/User/AzureClient_mqtt_DM_TM.o
 .text.Create_AGENT_DATA_TYPE_From_Ptr_Azure1_taccY
                0x0000000008005310        0x4 Azure_Sns_DM/User/AzureClient_mqtt_DM_TM.o
 .text.Create_AGENT_DATA_TYPE_From_Ptr_Azure1_taccZ
                0x0000000008005314        0x4 Azure_Sns_DM/User/AzureClient_mqtt_DM_TM.o
 .text.Create_AGENT_DATA_TYPE_From_Ptr_Azure1_tgyrX
                0x0000000008005318        0x4 Azure_Sns_DM/User/AzureClient_mqtt_DM_TM.o
 .text.Create_AGENT_DATA_TYPE_From_Ptr_Azure1_tgyrY
                0x000000000800531c        0x4 Azure_Sns_DM/User/AzureClient_mqtt_DM_TM.o
 .text.Create_AGENT_DATA_TYPE_From_Ptr_Azure1_tgyrZ
                0x0000000008005320        0x4 Azure_Sns_DM/User/AzureClient_mqtt_DM_TM.o
 .text.Create_AGENT_DATA_TYPE_From_Ptr_Azure1_tmagX
                0x0000000008005324        0x4 Azure_Sns_DM/User/AzureClient_mqtt_DM_TM.o
 .text.Create_AGENT_DATA_TYPE_From_Ptr_Azure1_tmagY
                0x0000000008005328        0x4 Azure_Sns_DM/User/AzureClient_mqtt_DM_TM.o
 .text.Create_AGENT_DATA_TYPE_From_Ptr_Azure1_tmagZ
                0x000000000800532c        0x4 Azure_Sns_DM/User/AzureClient_mqtt_DM_TM.o
 .text.Create_AGENT_DATA_TYPE_From_Ptr_Azure1_tTelemetryInterval
                0x0000000008005330        0x4 Azure_Sns_DM/User/AzureClient_mqtt_DM_TM.o
 .text.Create_AGENT_DATA_TYPE_From_Ptr_Azure1_tSupportedCommands
                0x0000000008005334       0x10 Azure_Sns_DM/User/AzureClient_mqtt_DM_TM.o
 .text.Create_AGENT_DATA_TYPE_From_Ptr_Azure1_tSupportedMethods
                0x0000000008005344        0x4 Azure_Sns_DM/User/AzureClient_mqtt_DM_TM.o
 .text.Create_AGENT_DATA_TYPE_From_Ptr_Azure1_tts
                0x0000000008005348       0x44 Azure_Sns_DM/User/AzureClient_mqtt_DM_TM.o
 .text.Create_AGENT_DATA_TYPE_From_Ptr_Azure1_tTemperature
                0x000000000800538c       0x10 Azure_Sns_DM/User/AzureClient_mqtt_DM_TM.o
 .text.Create_AGENT_DATA_TYPE_From_Ptr_Azure1_tHumidity
                0x000000000800539c        0x4 Azure_Sns_DM/User/AzureClient_mqtt_DM_TM.o
 .text.Create_AGENT_DATA_TYPE_From_Ptr_Azure1_tPressure
                0x00000000080053a0        0x4 Azure_Sns_DM/User/AzureClient_mqtt_DM_TM.o
 .text.SendConfirmationCallback
                0x00000000080053a4       0x30 Azure_Sns_DM/User/AzureClient_mqtt_DM_TM.o
 .text.PauseWRAPPER
                0x00000000080053d4       0x1c Azure_Sns_DM/User/AzureClient_mqtt_DM_TM.o
 .text.PlayWRAPPER
                0x00000000080053f0       0x1c Azure_Sns_DM/User/AzureClient_mqtt_DM_TM.o
 .text.LedOnWRAPPER
                0x000000000800540c       0x28 Azure_Sns_DM/User/AzureClient_mqtt_DM_TM.o
 .text.LedOffWRAPPER
                0x0000000008005434       0x28 Azure_Sns_DM/User/AzureClient_mqtt_DM_TM.o
 .text.LedBlinkWRAPPER
                0x000000000800545c       0x24 Azure_Sns_DM/User/AzureClient_mqtt_DM_TM.o
 .text.FirmwareUpdate
                0x0000000008005480      0x128 Azure_Sns_DM/User/AzureClient_mqtt_DM_TM.o
                0x0000000008005480                FirmwareUpdate
 .text.FirmwareUpdateWRAPPER
                0x00000000080055a8       0x3c Azure_Sns_DM/User/AzureClient_mqtt_DM_TM.o
 .text.ReportState
                0x00000000080055e4       0x9c Azure_Sns_DM/User/AzureClient_mqtt_DM_TM.o
                0x00000000080055e4                ReportState
 .text.ChangeTelemetryInterval
                0x0000000008005680       0x3c Azure_Sns_DM/User/AzureClient_mqtt_DM_TM.o
                0x0000000008005680                ChangeTelemetryInterval
 .text.DeviceTwinCallbackStatus
                0x00000000080056bc      0x1a4 Azure_Sns_DM/User/AzureClient_mqtt_DM_TM.o
 .text.WaitAllTheMessages
                0x0000000008005860       0x44 Azure_Sns_DM/User/AzureClient_mqtt_DM_TM.o
                0x0000000008005860                WaitAllTheMessages
 .text.AzureClient_mqtt_DM_TM
                0x00000000080058a4      0x700 Azure_Sns_DM/User/AzureClient_mqtt_DM_TM.o
                0x00000000080058a4                AzureClient_mqtt_DM_TM
 .text.mbedtls_hardware_poll
                0x0000000008005fa4       0x58 Azure_Sns_DM/User/AzureClient_mqtt_DM_TM.o
                0x0000000008005fa4                mbedtls_hardware_poll
 .text.ReadRemSizeOfUpdate
                0x0000000008005ffc        0xc Azure_Sns_DM/User/OTA.o
                0x0000000008005ffc                ReadRemSizeOfUpdate
 .text.CheckBootLoaderCompliance
                0x0000000008006008       0xb0 Azure_Sns_DM/User/OTA.o
                0x0000000008006008                CheckBootLoaderCompliance
 .text.UpdateFWBlueMS
                0x00000000080060b8      0x164 Azure_Sns_DM/User/OTA.o
                0x00000000080060b8                UpdateFWBlueMS
 .text.StartUpdateFWBlueMS
                0x000000000800621c       0xe0 Azure_Sns_DM/User/OTA.o
                0x000000000800621c                StartUpdateFWBlueMS
 .text.TimingSystemSetSystemTime
                0x00000000080062fc       0xa0 Azure_Sns_DM/User/STM32CubeRTCInterface.o
                0x00000000080062fc                TimingSystemSetSystemTime
 .text.RTC_CalendarShow
                0x000000000800639c       0x60 Azure_Sns_DM/User/STM32CubeRTCInterface.o
                0x000000000800639c                RTC_CalendarShow
 .text.TimingSystemGetSystemTime
                0x00000000080063fc       0x78 Azure_Sns_DM/User/STM32CubeRTCInterface.o
                0x00000000080063fc                TimingSystemGetSystemTime
 .text.SynchronizationAgentConvertNTPTime2EpochTime
                0x0000000008006474       0x1c Azure_Sns_DM/User/STM32CubeRTCInterface.o
                0x0000000008006474                SynchronizationAgentConvertNTPTime2EpochTime
 .text.get_time
                0x0000000008006490        0x4 Azure_Sns_DM/User/agenttime_STM32Cube.o
                0x0000000008006490                get_time
 .text.get_ctime
                0x0000000008006494        0x4 Azure_Sns_DM/User/agenttime_STM32Cube.o
                0x0000000008006494                get_ctime
 .text.get_difftime
                0x0000000008006498        0x4 Azure_Sns_DM/User/agenttime_STM32Cube.o
                0x0000000008006498                get_difftime
 .text.socketio_CloneOption
                0x000000000800649c        0x4 Azure_Sns_DM/User/az_socketio_mbed.o
 .text.socketio_DestroyOption
                0x00000000080064a0        0x4 Azure_Sns_DM/User/az_socketio_mbed.o
 .text.socketio_create
                0x00000000080064a4       0x74 Azure_Sns_DM/User/az_socketio_mbed.o
                0x00000000080064a4                socketio_create
 .text.socketio_open
                0x0000000008006518       0x68 Azure_Sns_DM/User/az_socketio_mbed.o
                0x0000000008006518                socketio_open
 .text.socketio_retrieveoptions
                0x0000000008006580       0x18 Azure_Sns_DM/User/az_socketio_mbed.o
 .text.socketio_destroy
                0x0000000008006598       0x58 Azure_Sns_DM/User/az_socketio_mbed.o
                0x0000000008006598                socketio_destroy
 .text.socketio_close
                0x00000000080065f0       0x38 Azure_Sns_DM/User/az_socketio_mbed.o
                0x00000000080065f0                socketio_close
 .text.add_pending_io.isra.3
                0x0000000008006628       0x68 Azure_Sns_DM/User/az_socketio_mbed.o
 .text.socketio_send
                0x0000000008006690       0x94 Azure_Sns_DM/User/az_socketio_mbed.o
                0x0000000008006690                socketio_send
 .text.socketio_dowork
                0x0000000008006724       0xd4 Azure_Sns_DM/User/az_socketio_mbed.o
                0x0000000008006724                socketio_dowork
 .text.socketio_setoption
                0x00000000080067f8       0x28 Azure_Sns_DM/User/az_socketio_mbed.o
                0x00000000080067f8                socketio_setoption
 .text.socketio_get_interface_description
                0x0000000008006820        0x8 Azure_Sns_DM/User/az_socketio_mbed.o
                0x0000000008006820                socketio_get_interface_description
 .text.tcpsocketconnection_create
                0x0000000008006828       0x28 Azure_Sns_DM/User/az_tcpsocketconnection_c_STM32Cube.o
                0x0000000008006828                tcpsocketconnection_create
 .text.tcpsocketconnection_set_blocking
                0x0000000008006850       0x68 Azure_Sns_DM/User/az_tcpsocketconnection_c_STM32Cube.o
                0x0000000008006850                tcpsocketconnection_set_blocking
 .text.tcpsocketconnection_destroy
                0x00000000080068b8        0x4 Azure_Sns_DM/User/az_tcpsocketconnection_c_STM32Cube.o
                0x00000000080068b8                tcpsocketconnection_destroy
 .text.tcpsocketconnection_connect
                0x00000000080068bc       0x14 Azure_Sns_DM/User/az_tcpsocketconnection_c_STM32Cube.o
                0x00000000080068bc                tcpsocketconnection_connect
 .text.tcpsocketconnection_close
                0x00000000080068d0        0x4 Azure_Sns_DM/User/az_tcpsocketconnection_c_STM32Cube.o
                0x00000000080068d0                tcpsocketconnection_close
 .text.tcpsocketconnection_send
                0x00000000080068d4        0x4 Azure_Sns_DM/User/az_tcpsocketconnection_c_STM32Cube.o
                0x00000000080068d4                tcpsocketconnection_send
 .text.tcpsocketconnection_receive
                0x00000000080068d8        0x4 Azure_Sns_DM/User/az_tcpsocketconnection_c_STM32Cube.o
                0x00000000080068d8                tcpsocketconnection_receive
 .text.base64char.part.0
                0x00000000080068dc       0x14 Azure_Sns_DM/User/azure_base64.o
 .text.Base64_Encode_Internal
                0x00000000080068f0      0x208 Azure_Sns_DM/User/azure_base64.o
 .text.base64toValue
                0x0000000008006af8       0x4c Azure_Sns_DM/User/azure_base64.o
 .text.Base64_Decoder
                0x0000000008006b44      0x198 Azure_Sns_DM/User/azure_base64.o
                0x0000000008006b44                Base64_Decoder
 .text.Base64_Encoder
                0x0000000008006cdc       0x30 Azure_Sns_DM/User/azure_base64.o
                0x0000000008006cdc                Base64_Encoder
 .text.SHA1ProcessMessageBlock
                0x0000000008006d0c      0x180 Azure_Sns_DM/User/azure_sha1.o
 .text.SHA1PadMessage
                0x0000000008006e8c       0xa8 Azure_Sns_DM/User/azure_sha1.o
 .text.SHA1Reset
                0x0000000008006f34       0x48 Azure_Sns_DM/User/azure_sha1.o
                0x0000000008006f34                SHA1Reset
 .text.SHA1Input
                0x0000000008006f7c       0x8c Azure_Sns_DM/User/azure_sha1.o
                0x0000000008006f7c                SHA1Input
 .text.SHA1Result
                0x0000000008007008       0x60 Azure_Sns_DM/User/azure_sha1.o
                0x0000000008007008                SHA1Result
 .text.uartReceiveChar
                0x0000000008007068       0x54 Azure_Sns_DM/User/console.o
                0x0000000008007068                uartReceiveChar
 .text.__io_putchar
                0x00000000080070bc       0x24 Azure_Sns_DM/User/console.o
                0x00000000080070bc                __io_putchar
 .text.__io_getchar
                0x00000000080070e0        0x4 Azure_Sns_DM/User/console.o
                0x00000000080070e0                __io_getchar
 .text.SPI_WIFI_DelayUs
                0x00000000080070e4       0x64 Azure_Sns_DM/User/es_wifi_io.o
 .text.wait_spi_tx_event
                0x0000000008007148       0x2c Azure_Sns_DM/User/es_wifi_io.o
 .text.SPI_WIFI_MspInit
                0x0000000008007174      0x120 Azure_Sns_DM/User/es_wifi_io.o
                0x0000000008007174                SPI_WIFI_MspInit
 .text.SPI_WIFI_ResetModule
                0x0000000008007294       0xdc Azure_Sns_DM/User/es_wifi_io.o
                0x0000000008007294                SPI_WIFI_ResetModule
 .text.SPI_WIFI_Init
                0x0000000008007370       0x7c Azure_Sns_DM/User/es_wifi_io.o
                0x0000000008007370                SPI_WIFI_Init
 .text.SPI_WIFI_DeInit
                0x00000000080073ec       0x10 Azure_Sns_DM/User/es_wifi_io.o
                0x00000000080073ec                SPI_WIFI_DeInit
 .text.SPI_WIFI_ReceiveData
                0x00000000080073fc      0x104 Azure_Sns_DM/User/es_wifi_io.o
                0x00000000080073fc                SPI_WIFI_ReceiveData
 .text.SPI_WIFI_SendData
                0x0000000008007500       0xc4 Azure_Sns_DM/User/es_wifi_io.o
                0x0000000008007500                SPI_WIFI_SendData
 .text.SPI_WIFI_Delay
                0x00000000080075c4        0x4 Azure_Sns_DM/User/es_wifi_io.o
                0x00000000080075c4                SPI_WIFI_Delay
 .text.HAL_SPI_RxCpltCallback
                0x00000000080075c8       0x10 Azure_Sns_DM/User/es_wifi_io.o
                0x00000000080075c8                HAL_SPI_RxCpltCallback
 .text.HAL_SPI_TxCpltCallback
                0x00000000080075d8       0x10 Azure_Sns_DM/User/es_wifi_io.o
                0x00000000080075d8                HAL_SPI_TxCpltCallback
 .text.SPI_WIFI_ISR
                0x00000000080075e8       0x14 Azure_Sns_DM/User/es_wifi_io.o
                0x00000000080075e8                SPI_WIFI_ISR
 .text.NFC_TT4_Initialization
                0x00000000080075fc       0x7c Azure_Sns_DM/User/m24sr_wrapper.o
                0x00000000080075fc                NFC_TT4_Initialization
 .text.NFC_TT4_OpenNDEFSession
                0x0000000008007678       0x7c Azure_Sns_DM/User/m24sr_wrapper.o
                0x0000000008007678                NFC_TT4_OpenNDEFSession
 .text.NFC_TT4_CloseNDEFSession
                0x00000000080076f4       0x38 Azure_Sns_DM/User/m24sr_wrapper.o
                0x00000000080076f4                NFC_TT4_CloseNDEFSession
 .text.NFC_TT4_ReadData
                0x000000000800772c       0x48 Azure_Sns_DM/User/m24sr_wrapper.o
                0x000000000800772c                NFC_TT4_ReadData
 .text.startup.main
                0x0000000008007774        0x4 Azure_Sns_DM/User/main.o
                0x0000000008007774                main
 .text.mbedtls_net_recv
                0x0000000008007778       0x1c Azure_Sns_DM/User/mbedtls_net.o
                0x0000000008007778                mbedtls_net_recv
 .text.mbedtls_net_recv_blocking
                0x0000000008007794       0x74 Azure_Sns_DM/User/mbedtls_net.o
                0x0000000008007794                mbedtls_net_recv_blocking
 .text.mbedtls_net_send
                0x0000000008007808       0x1c Azure_Sns_DM/User/mbedtls_net.o
                0x0000000008007808                mbedtls_net_send
 .text.net_init
                0x0000000008007824       0x50 Azure_Sns_DM/User/net.o
                0x0000000008007824                net_init
 .text.net_sock_create
                0x0000000008007874       0x34 Azure_Sns_DM/User/net.o
                0x0000000008007874                net_sock_create
 .text.net_sock_open
                0x00000000080078a8        0xc Azure_Sns_DM/User/net.o
                0x00000000080078a8                net_sock_open
 .text.net_sock_setopt
                0x00000000080078b4      0x2b8 Azure_Sns_DM/User/net.o
                0x00000000080078b4                net_sock_setopt
 .text.net_sock_recv
                0x0000000008007b6c        0xc Azure_Sns_DM/User/net.o
                0x0000000008007b6c                net_sock_recv
 .text.net_sock_send
                0x0000000008007b78        0xc Azure_Sns_DM/User/net.o
                0x0000000008007b78                net_sock_send
 .text.net_sock_close
                0x0000000008007b84        0xc Azure_Sns_DM/User/net.o
                0x0000000008007b84                net_sock_close
 .text.net_sock_destroy
                0x0000000008007b90        0xc Azure_Sns_DM/User/net.o
                0x0000000008007b90                net_sock_destroy
 .text.net_timeout_left_ms
                0x0000000008007b9c       0x14 Azure_Sns_DM/User/net.o
                0x0000000008007b9c                net_timeout_left_ms
 .text.net_sock_destroy_tcp_wifi
                0x0000000008007bb0       0x30 Azure_Sns_DM/User/net_tcp_wifi.o
                0x0000000008007bb0                net_sock_destroy_tcp_wifi
 .text.net_sock_open_wifi
                0x0000000008007be0       0xb4 Azure_Sns_DM/User/net_tcp_wifi.o
                0x0000000008007be0                net_sock_open_wifi
 .text.net_sock_recv_tcp_wifi
                0x0000000008007c94       0xc4 Azure_Sns_DM/User/net_tcp_wifi.o
                0x0000000008007c94                net_sock_recv_tcp_wifi
 .text.net_sock_recvfrom_udp_wifi
                0x0000000008007d58       0xf0 Azure_Sns_DM/User/net_tcp_wifi.o
                0x0000000008007d58                net_sock_recvfrom_udp_wifi
 .text.net_sock_send_tcp_wifi
                0x0000000008007e48       0x84 Azure_Sns_DM/User/net_tcp_wifi.o
                0x0000000008007e48                net_sock_send_tcp_wifi
 .text.net_sock_sendto_udp_wifi
                0x0000000008007ecc       0xb8 Azure_Sns_DM/User/net_tcp_wifi.o
                0x0000000008007ecc                net_sock_sendto_udp_wifi
 .text.net_sock_close_tcp_wifi
                0x0000000008007f84       0x20 Azure_Sns_DM/User/net_tcp_wifi.o
                0x0000000008007f84                net_sock_close_tcp_wifi
 .text.net_sock_create_wifi
                0x0000000008007fa4       0x90 Azure_Sns_DM/User/net_tcp_wifi.o
                0x0000000008007fa4                net_sock_create_wifi
 .text.my_debug
                0x0000000008008034        0xc Azure_Sns_DM/User/net_tls_mbedtls.o
 .text.net_sock_recv_mbedtls
                0x0000000008008040       0x74 Azure_Sns_DM/User/net_tls_mbedtls.o
                0x0000000008008040                net_sock_recv_mbedtls
 .text.net_sock_send_mbedtls
                0x00000000080080b4       0x6c Azure_Sns_DM/User/net_tls_mbedtls.o
                0x00000000080080b4                net_sock_send_mbedtls
 .text.net_sock_destroy_mbedtls
                0x0000000008008120       0x38 Azure_Sns_DM/User/net_tls_mbedtls.o
                0x0000000008008120                net_sock_destroy_mbedtls
 .text.internal_close.isra.1
                0x0000000008008158       0x50 Azure_Sns_DM/User/net_tls_mbedtls.o
 .text.net_sock_open_mbedtls
                0x00000000080081a8      0x2c0 Azure_Sns_DM/User/net_tls_mbedtls.o
                0x00000000080081a8                net_sock_open_mbedtls
 .text.net_sock_close_mbedtls
                0x0000000008008468       0x38 Azure_Sns_DM/User/net_tls_mbedtls.o
                0x0000000008008468                net_sock_close_mbedtls
 .text.net_sock_create_mbedtls
                0x00000000080084a0       0x84 Azure_Sns_DM/User/net_tls_mbedtls.o
                0x00000000080084a0                net_sock_create_mbedtls
 .text.onCloseCompleteOTA
                0x0000000008008524        0xc Azure_Sns_DM/User/platform_STM32Cube_IoT01L475VG.o
 .text.onSendCompleteFOTA
                0x0000000008008530        0xc Azure_Sns_DM/User/platform_STM32Cube_IoT01L475VG.o
 .text.onIoErrorFOTA
                0x000000000800853c        0xc Azure_Sns_DM/User/platform_STM32Cube_IoT01L475VG.o
 .text.onOpenCompleteFOTA
                0x0000000008008548        0xc Azure_Sns_DM/User/platform_STM32Cube_IoT01L475VG.o
 .text.onBytesReceivedFOTA
                0x0000000008008554      0x1f4 Azure_Sns_DM/User/platform_STM32Cube_IoT01L475VG.o
 .text.StartTimer1
                0x0000000008008748       0x34 Azure_Sns_DM/User/platform_STM32Cube_IoT01L475VG.o
                0x0000000008008748                StartTimer1
 .text.StopTimer1
                0x000000000800877c       0x20 Azure_Sns_DM/User/platform_STM32Cube_IoT01L475VG.o
                0x000000000800877c                StopTimer1
 .text.platform_get_default_tlsio
                0x000000000800879c        0x4 Azure_Sns_DM/User/platform_STM32Cube_IoT01L475VG.o
                0x000000000800879c                platform_get_default_tlsio
 .text.platform_deinit
                0x00000000080087a0        0x4 Azure_Sns_DM/User/platform_STM32Cube_IoT01L475VG.o
                0x00000000080087a0                platform_deinit
 .text.HAL_TIM_OC_DelayElapsedCallback
                0x00000000080087a4       0x30 Azure_Sns_DM/User/platform_STM32Cube_IoT01L475VG.o
                0x00000000080087a4                HAL_TIM_OC_DelayElapsedCallback
 .text.HAL_GPIO_EXTI_Callback
                0x00000000080087d4       0x24 Azure_Sns_DM/User/platform_STM32Cube_IoT01L475VG.o
                0x00000000080087d4                HAL_GPIO_EXTI_Callback
 .text.SPI3_IRQHandler
                0x00000000080087f8        0xc Azure_Sns_DM/User/platform_STM32Cube_IoT01L475VG.o
                0x00000000080087f8                SPI3_IRQHandler
 .text.HAL_Delay
                0x0000000008008804       0x20 Azure_Sns_DM/User/platform_STM32Cube_IoT01L475VG.o
                0x0000000008008804                HAL_Delay
 .text.AzureExit
                0x0000000008008824       0x5c Azure_Sns_DM/User/platform_STM32Cube_IoT01L475VG.o
                0x0000000008008824                AzureExit
 .text.platform_init
                0x0000000008008880      0x8f4 Azure_Sns_DM/User/platform_STM32Cube_IoT01L475VG.o
                0x0000000008008880                platform_init
 .text.net_if_init
                0x0000000008009174      0x12c Azure_Sns_DM/User/platform_STM32Cube_IoT01L475VG.o
 .text.FOTACallback
                0x00000000080092a0      0x2c8 Azure_Sns_DM/User/platform_STM32Cube_IoT01L475VG.o
                0x00000000080092a0                FOTACallback
 .text.ThreadAPI_Sleep
                0x0000000008009568        0x4 Azure_Sns_DM/User/platform_STM32Cube_IoT01L475VG.o
                0x0000000008009568                ThreadAPI_Sleep
 .text.UserFunctionForErasingFlash
                0x000000000800956c       0xb0 Azure_Sns_DM/User/platform_STM32Cube_IoT01L475VG.o
                0x000000000800956c                UserFunctionForErasingFlash
 .text.UserFunctionForSavingFlash
                0x000000000800961c       0x38 Azure_Sns_DM/User/platform_STM32Cube_IoT01L475VG.o
                0x000000000800961c                UserFunctionForSavingFlash
 .text.platform_get_platform_info
                0x0000000008009654        0xc Azure_Sns_DM/User/platform_STM32Cube_IoT01L475VG.o
                0x0000000008009654                platform_get_platform_info
 .text.HAL_TIM_OC_MspInit
                0x0000000008009660       0x34 Azure_Sns_DM/User/stm32l4xx_hal_msp.o
                0x0000000008009660                HAL_TIM_OC_MspInit
 .text.HAL_RTC_MspInit
                0x0000000008009694       0x4c Azure_Sns_DM/User/stm32l4xx_hal_msp.o
                0x0000000008009694                HAL_RTC_MspInit
 .text.HAL_RNG_MspInit
                0x00000000080096e0       0x30 Azure_Sns_DM/User/stm32l4xx_hal_msp.o
                0x00000000080096e0                HAL_RNG_MspInit
 .text.NMI_Handler
                0x0000000008009710        0x4 Azure_Sns_DM/User/stm32l4xx_it.o
                0x0000000008009710                NMI_Handler
 .text.HardFault_Handler
                0x0000000008009714        0x4 Azure_Sns_DM/User/stm32l4xx_it.o
                0x0000000008009714                HardFault_Handler
 .text.MemManage_Handler
                0x0000000008009718        0x4 Azure_Sns_DM/User/stm32l4xx_it.o
                0x0000000008009718                MemManage_Handler
 .text.BusFault_Handler
                0x000000000800971c        0x4 Azure_Sns_DM/User/stm32l4xx_it.o
                0x000000000800971c                BusFault_Handler
 .text.UsageFault_Handler
                0x0000000008009720        0x4 Azure_Sns_DM/User/stm32l4xx_it.o
                0x0000000008009720                UsageFault_Handler
 .text.SVC_Handler
                0x0000000008009724        0x4 Azure_Sns_DM/User/stm32l4xx_it.o
                0x0000000008009724                SVC_Handler
 .text.DebugMon_Handler
                0x0000000008009728        0x4 Azure_Sns_DM/User/stm32l4xx_it.o
                0x0000000008009728                DebugMon_Handler
 .text.PendSV_Handler
                0x000000000800972c        0x4 Azure_Sns_DM/User/stm32l4xx_it.o
                0x000000000800972c                PendSV_Handler
 .text.SysTick_Handler
                0x0000000008009730        0x4 Azure_Sns_DM/User/stm32l4xx_it.o
                0x0000000008009730                SysTick_Handler
 .text.EXTI4_IRQHandler
                0x0000000008009734        0x8 Azure_Sns_DM/User/stm32l4xx_it.o
                0x0000000008009734                EXTI4_IRQHandler
 .text.EXTI15_10_IRQHandler
                0x000000000800973c        0x8 Azure_Sns_DM/User/stm32l4xx_it.o
                0x000000000800973c                EXTI15_10_IRQHandler
 .text.EXTI1_IRQHandler
                0x0000000008009744        0x8 Azure_Sns_DM/User/stm32l4xx_it.o
                0x0000000008009744                EXTI1_IRQHandler
 .text.TIM1_CC_IRQHandler
                0x000000000800974c        0xc Azure_Sns_DM/User/stm32l4xx_it.o
                0x000000000800974c                TIM1_CC_IRQHandler
 .text.tickcounter_create
                0x0000000008009758        0x8 Azure_Sns_DM/User/tickcounter_STM32Cube.o
                0x0000000008009758                tickcounter_create
 .text.tickcounter_destroy
                0x0000000008009760        0x8 Azure_Sns_DM/User/tickcounter_STM32Cube.o
                0x0000000008009760                tickcounter_destroy
 .text.tickcounter_get_current_ms
                0x0000000008009768       0x18 Azure_Sns_DM/User/tickcounter_STM32Cube.o
                0x0000000008009768                tickcounter_get_current_ms
 .text.time     0x0000000008009780        0x4 Azure_Sns_DM/User/timingSystem.o
                0x0000000008009780                time
 .text.on_underlying_io_close_complete_during_close
                0x0000000008009784       0x10 Azure_Sns_DM/User/tlsio_mbedtls_STM32Cube_IoT01L475VG.o
 .text.mbedtls_debug
                0x0000000008009794       0x10 Azure_Sns_DM/User/tlsio_mbedtls_STM32Cube_IoT01L475VG.o
                0x0000000008009794                mbedtls_debug
 .text.tlsio_mbedtls_create
                0x00000000080097a4      0x178 Azure_Sns_DM/User/tlsio_mbedtls_STM32Cube_IoT01L475VG.o
                0x00000000080097a4                tlsio_mbedtls_create
 .text.on_io_recv
                0x000000000800991c       0x88 Azure_Sns_DM/User/tlsio_mbedtls_STM32Cube_IoT01L475VG.o
 .text.tlsio_mbedtls_retrieveoptions
                0x00000000080099a4       0x6c Azure_Sns_DM/User/tlsio_mbedtls_STM32Cube_IoT01L475VG.o
                0x00000000080099a4                tlsio_mbedtls_retrieveoptions
 .text.on_underlying_io_bytes_received
                0x0000000008009a10       0x40 Azure_Sns_DM/User/tlsio_mbedtls_STM32Cube_IoT01L475VG.o
 .text.on_io_send
                0x0000000008009a50       0x34 Azure_Sns_DM/User/tlsio_mbedtls_STM32Cube_IoT01L475VG.o
 .text.on_underlying_io_error
                0x0000000008009a84       0x44 Azure_Sns_DM/User/tlsio_mbedtls_STM32Cube_IoT01L475VG.o
 .text.tlsio_mbedtls_close
                0x0000000008009ac8       0x40 Azure_Sns_DM/User/tlsio_mbedtls_STM32Cube_IoT01L475VG.o
                0x0000000008009ac8                tlsio_mbedtls_close
 .text.tlsio_mbedtls_destroy
                0x0000000008009b08       0x64 Azure_Sns_DM/User/tlsio_mbedtls_STM32Cube_IoT01L475VG.o
                0x0000000008009b08                tlsio_mbedtls_destroy
 .text.tlsio_mbedtls_open
                0x0000000008009b6c       0x68 Azure_Sns_DM/User/tlsio_mbedtls_STM32Cube_IoT01L475VG.o
                0x0000000008009b6c                tlsio_mbedtls_open
 .text.on_underlying_io_open_complete
                0x0000000008009bd4       0x58 Azure_Sns_DM/User/tlsio_mbedtls_STM32Cube_IoT01L475VG.o
 .text.tlsio_mbedtls_send
                0x0000000008009c2c       0x38 Azure_Sns_DM/User/tlsio_mbedtls_STM32Cube_IoT01L475VG.o
                0x0000000008009c2c                tlsio_mbedtls_send
 .text.tlsio_mbedtls_dowork
                0x0000000008009c64       0x40 Azure_Sns_DM/User/tlsio_mbedtls_STM32Cube_IoT01L475VG.o
                0x0000000008009c64                tlsio_mbedtls_dowork
 .text.tlsio_mbedtls_DestroyOption
                0x0000000008009ca4       0x3c Azure_Sns_DM/User/tlsio_mbedtls_STM32Cube_IoT01L475VG.o
 .text.tlsio_mbedtls_CloneOption
                0x0000000008009ce0       0x44 Azure_Sns_DM/User/tlsio_mbedtls_STM32Cube_IoT01L475VG.o
 .text.tlsio_mbedtls_setoption
                0x0000000008009d24       0x84 Azure_Sns_DM/User/tlsio_mbedtls_STM32Cube_IoT01L475VG.o
                0x0000000008009d24                tlsio_mbedtls_setoption
 .text.tlsio_mbedtls_get_interface_description
                0x0000000008009da8        0x8 Azure_Sns_DM/User/tlsio_mbedtls_STM32Cube_IoT01L475VG.o
                0x0000000008009da8                tlsio_mbedtls_get_interface_description
 .text.WIFI_Init
                0x0000000008009db0       0x4c Azure_Sns_DM/User/wifi.o
                0x0000000008009db0                WIFI_Init
 .text.WIFI_Connect
                0x0000000008009dfc       0x28 Azure_Sns_DM/User/wifi.o
                0x0000000008009dfc                WIFI_Connect
 .text.WIFI_GetMAC_Address
                0x0000000008009e24       0x18 Azure_Sns_DM/User/wifi.o
                0x0000000008009e24                WIFI_GetMAC_Address
 .text.WIFI_GetHostAddress
                0x0000000008009e3c       0x18 Azure_Sns_DM/User/wifi.o
                0x0000000008009e3c                WIFI_GetHostAddress
 .text.WIFI_OpenClientConnection
                0x0000000008009e54       0x50 Azure_Sns_DM/User/wifi.o
                0x0000000008009e54                WIFI_OpenClientConnection
 .text.WIFI_CloseClientConnection
                0x0000000008009ea4       0x20 Azure_Sns_DM/User/wifi.o
                0x0000000008009ea4                WIFI_CloseClientConnection
 .text.WIFI_SendData
                0x0000000008009ec4       0x24 Azure_Sns_DM/User/wifi.o
                0x0000000008009ec4                WIFI_SendData
 .text.WIFI_SendDataTo
                0x0000000008009ee8       0x30 Azure_Sns_DM/User/wifi.o
                0x0000000008009ee8                WIFI_SendDataTo
 .text.WIFI_ReceiveData
                0x0000000008009f18       0x24 Azure_Sns_DM/User/wifi.o
                0x0000000008009f18                WIFI_ReceiveData
 .text.WIFI_ReceiveDataFrom
                0x0000000008009f3c       0x2c Azure_Sns_DM/User/wifi.o
                0x0000000008009f3c                WIFI_ReceiveDataFrom
 .text.WIFI_GetModuleFwRevision
                0x0000000008009f68       0x14 Azure_Sns_DM/User/wifi.o
                0x0000000008009f68                WIFI_GetModuleFwRevision
 .text.WIFI_GetModuleID
                0x0000000008009f7c       0x14 Azure_Sns_DM/User/wifi.o
                0x0000000008009f7c                WIFI_GetModuleID
 .text.WIFI_GetModuleName
                0x0000000008009f90       0x14 Azure_Sns_DM/User/wifi.o
                0x0000000008009f90                WIFI_GetModuleName
 .text.I2Cx_Init.constprop.8
                0x0000000008009fa4       0xc4 Drivers/BSP/B-L475E-IOT01/stm32l475e_iot01.o
 .text.I2Cx_WriteMultiple.part.3.constprop.7
                0x000000000800a068       0x14 Drivers/BSP/B-L475E-IOT01/stm32l475e_iot01.o
 .text.BSP_LED_Init
                0x000000000800a07c       0x44 Drivers/BSP/B-L475E-IOT01/stm32l475e_iot01.o
                0x000000000800a07c                BSP_LED_Init
 .text.BSP_LED_On
                0x000000000800a0c0       0x14 Drivers/BSP/B-L475E-IOT01/stm32l475e_iot01.o
                0x000000000800a0c0                BSP_LED_On
 .text.BSP_LED_Off
                0x000000000800a0d4       0x14 Drivers/BSP/B-L475E-IOT01/stm32l475e_iot01.o
                0x000000000800a0d4                BSP_LED_Off
 .text.BSP_LED_Toggle
                0x000000000800a0e8       0x14 Drivers/BSP/B-L475E-IOT01/stm32l475e_iot01.o
                0x000000000800a0e8                BSP_LED_Toggle
 .text.BSP_PB_Init
                0x000000000800a0fc       0x88 Drivers/BSP/B-L475E-IOT01/stm32l475e_iot01.o
                0x000000000800a0fc                BSP_PB_Init
 .text.BSP_COM_Init
                0x000000000800a184       0x88 Drivers/BSP/B-L475E-IOT01/stm32l475e_iot01.o
                0x000000000800a184                BSP_COM_Init
 .text.SENSOR_IO_Init
                0x000000000800a20c        0x4 Drivers/BSP/B-L475E-IOT01/stm32l475e_iot01.o
                0x000000000800a20c                SENSOR_IO_Init
 .text.SENSOR_IO_Write
                0x000000000800a210       0x30 Drivers/BSP/B-L475E-IOT01/stm32l475e_iot01.o
                0x000000000800a210                SENSOR_IO_Write
 .text.SENSOR_IO_Read
                0x000000000800a240       0x34 Drivers/BSP/B-L475E-IOT01/stm32l475e_iot01.o
                0x000000000800a240                SENSOR_IO_Read
 .text.SENSOR_IO_ReadMultiple
                0x000000000800a274       0x2c Drivers/BSP/B-L475E-IOT01/stm32l475e_iot01.o
                0x000000000800a274                SENSOR_IO_ReadMultiple
 .text.NFC_IO_Init
                0x000000000800a2a0       0x84 Drivers/BSP/B-L475E-IOT01/stm32l475e_iot01.o
                0x000000000800a2a0                NFC_IO_Init
 .text.NFC_IO_IsDeviceReady
                0x000000000800a324       0x44 Drivers/BSP/B-L475E-IOT01/stm32l475e_iot01.o
                0x000000000800a324                NFC_IO_IsDeviceReady
 .text.NFC_IO_ReadMultiple
                0x000000000800a368       0x38 Drivers/BSP/B-L475E-IOT01/stm32l475e_iot01.o
                0x000000000800a368                NFC_IO_ReadMultiple
 .text.NFC_IO_WriteMultiple
                0x000000000800a3a0       0x38 Drivers/BSP/B-L475E-IOT01/stm32l475e_iot01.o
                0x000000000800a3a0                NFC_IO_WriteMultiple
 .text.NFC_IO_ReadState
                0x000000000800a3d8       0x14 Drivers/BSP/B-L475E-IOT01/stm32l475e_iot01.o
                0x000000000800a3d8                NFC_IO_ReadState
 .text.NFC_IO_Delay
                0x000000000800a3ec        0x4 Drivers/BSP/B-L475E-IOT01/stm32l475e_iot01.o
                0x000000000800a3ec                NFC_IO_Delay
 .text.BSP_ACCELERO_Init
                0x000000000800a3f0       0x28 Drivers/BSP/B-L475E-IOT01/stm32l475e_iot01_accelero.o
                0x000000000800a3f0                BSP_ACCELERO_Init
 .text.BSP_ACCELERO_AccGetXYZ
                0x000000000800a418       0x14 Drivers/BSP/B-L475E-IOT01/stm32l475e_iot01_accelero.o
                0x000000000800a418                BSP_ACCELERO_AccGetXYZ
 .text.BSP_GYRO_Init
                0x000000000800a42c       0x28 Drivers/BSP/B-L475E-IOT01/stm32l475e_iot01_gyro.o
                0x000000000800a42c                BSP_GYRO_Init
 .text.BSP_GYRO_GetXYZ
                0x000000000800a454       0x14 Drivers/BSP/B-L475E-IOT01/stm32l475e_iot01_gyro.o
                0x000000000800a454                BSP_GYRO_GetXYZ
 .text.BSP_HSENSOR_Init
                0x000000000800a468       0x28 Drivers/BSP/B-L475E-IOT01/stm32l475e_iot01_hsensor.o
                0x000000000800a468                BSP_HSENSOR_Init
 .text.BSP_HSENSOR_ReadHumidity
                0x000000000800a490       0x10 Drivers/BSP/B-L475E-IOT01/stm32l475e_iot01_hsensor.o
                0x000000000800a490                BSP_HSENSOR_ReadHumidity
 .text.BSP_MAGNETO_Init
                0x000000000800a4a0       0x40 Drivers/BSP/B-L475E-IOT01/stm32l475e_iot01_magneto.o
                0x000000000800a4a0                BSP_MAGNETO_Init
 .text.BSP_MAGNETO_GetXYZ
                0x000000000800a4e0       0x14 Drivers/BSP/B-L475E-IOT01/stm32l475e_iot01_magneto.o
                0x000000000800a4e0                BSP_MAGNETO_GetXYZ
 .text.BSP_PSENSOR_Init
                0x000000000800a4f4       0x28 Drivers/BSP/B-L475E-IOT01/stm32l475e_iot01_psensor.o
                0x000000000800a4f4                BSP_PSENSOR_Init
 .text.BSP_PSENSOR_ReadPressure
                0x000000000800a51c       0x10 Drivers/BSP/B-L475E-IOT01/stm32l475e_iot01_psensor.o
                0x000000000800a51c                BSP_PSENSOR_ReadPressure
 .text.BSP_TSENSOR_Init
                0x000000000800a52c       0x24 Drivers/BSP/B-L475E-IOT01/stm32l475e_iot01_tsensor.o
                0x000000000800a52c                BSP_TSENSOR_Init
 .text.BSP_TSENSOR_ReadTemp
                0x000000000800a550       0x10 Drivers/BSP/B-L475E-IOT01/stm32l475e_iot01_tsensor.o
                0x000000000800a550                BSP_TSENSOR_ReadTemp
 .text.ParseMAC
                0x000000000800a560       0x68 Drivers/BSP/Components/es_wifi.o
 .text.ParseIP  0x000000000800a5c8       0x84 Drivers/BSP/Components/es_wifi.o
 .text.AT_ExecuteCommand
                0x000000000800a64c       0x74 Drivers/BSP/Components/es_wifi.o
 .text.AT_RequestSendData
                0x000000000800a6c0       0x94 Drivers/BSP/Components/es_wifi.o
 .text.AT_RequestReceiveData.isra.0
                0x000000000800a754       0xd0 Drivers/BSP/Components/es_wifi.o
 .text.ES_WIFI_Init
                0x000000000800a824      0x128 Drivers/BSP/Components/es_wifi.o
                0x000000000800a824                ES_WIFI_Init
 .text.ES_WIFI_RegisterBusIO
                0x000000000800a94c       0x30 Drivers/BSP/Components/es_wifi.o
                0x000000000800a94c                ES_WIFI_RegisterBusIO
 .text.ES_WIFI_Connect
                0x000000000800a97c       0x88 Drivers/BSP/Components/es_wifi.o
                0x000000000800a97c                ES_WIFI_Connect
 .text.ES_WIFI_GetNetworkSettings
                0x000000000800aa04      0x278 Drivers/BSP/Components/es_wifi.o
                0x000000000800aa04                ES_WIFI_GetNetworkSettings
 .text.ES_WIFI_GetMACAddress
                0x000000000800ac7c       0x3c Drivers/BSP/Components/es_wifi.o
                0x000000000800ac7c                ES_WIFI_GetMACAddress
 .text.ES_WIFI_DNS_LookUp
                0x000000000800acb8       0x40 Drivers/BSP/Components/es_wifi.o
                0x000000000800acb8                ES_WIFI_DNS_LookUp
 .text.ES_WIFI_StartClientConnection
                0x000000000800acf8       0xd4 Drivers/BSP/Components/es_wifi.o
                0x000000000800acf8                ES_WIFI_StartClientConnection
 .text.ES_WIFI_StopClientConnection
                0x000000000800adcc       0x44 Drivers/BSP/Components/es_wifi.o
                0x000000000800adcc                ES_WIFI_StopClientConnection
 .text.ES_WIFI_SendData
                0x000000000800ae10      0x10c Drivers/BSP/Components/es_wifi.o
                0x000000000800ae10                ES_WIFI_SendData
 .text.ES_WIFI_SendDataTo
                0x000000000800af1c      0x13c Drivers/BSP/Components/es_wifi.o
                0x000000000800af1c                ES_WIFI_SendDataTo
 .text.ES_WIFI_ReceiveData
                0x000000000800b058      0x114 Drivers/BSP/Components/es_wifi.o
                0x000000000800b058                ES_WIFI_ReceiveData
 .text.ES_WIFI_ReceiveDataFrom
                0x000000000800b16c      0x460 Drivers/BSP/Components/es_wifi.o
                0x000000000800b16c                ES_WIFI_ReceiveDataFrom
 .text.HTS221_H_Init
                0x000000000800b5cc       0x20 Drivers/BSP/Components/hts221.o
                0x000000000800b5cc                HTS221_H_Init
 .text.HTS221_T_Init
                0x000000000800b5ec       0x20 Drivers/BSP/Components/hts221.o
                0x000000000800b5ec                HTS221_T_Init
 .text.HTS221_H_ReadID
                0x000000000800b60c       0x14 Drivers/BSP/Components/hts221.o
                0x000000000800b60c                HTS221_H_ReadID
 .text.HTS221_H_ReadHumidity
                0x000000000800b620       0xec Drivers/BSP/Components/hts221.o
                0x000000000800b620                HTS221_H_ReadHumidity
 .text.HTS221_T_ReadTemp
                0x000000000800b70c       0xb8 Drivers/BSP/Components/hts221.o
                0x000000000800b70c                HTS221_T_ReadTemp
 .text.LIS3MDL_MagInit
                0x000000000800b7c4       0x4c Drivers/BSP/Components/lis3mdl.o
                0x000000000800b7c4                LIS3MDL_MagInit
 .text.LIS3MDL_MagDeInit
                0x000000000800b810       0x20 Drivers/BSP/Components/lis3mdl.o
                0x000000000800b810                LIS3MDL_MagDeInit
 .text.LIS3MDL_MagLowPower
                0x000000000800b830       0x24 Drivers/BSP/Components/lis3mdl.o
                0x000000000800b830                LIS3MDL_MagLowPower
 .text.LIS3MDL_MagReadID
                0x000000000800b854       0x14 Drivers/BSP/Components/lis3mdl.o
                0x000000000800b854                LIS3MDL_MagReadID
 .text.LIS3MDL_MagReadXYZ
                0x000000000800b868       0xd0 Drivers/BSP/Components/lis3mdl.o
                0x000000000800b868                LIS3MDL_MagReadXYZ
 .text.LPS22HB_P_ReadPressure
                0x000000000800b938       0x58 Drivers/BSP/Components/lps22hb.o
                0x000000000800b938                LPS22HB_P_ReadPressure
 .text.LPS22HB_T_ReadTemp
                0x000000000800b990       0x3c Drivers/BSP/Components/lps22hb.o
                0x000000000800b990                LPS22HB_T_ReadTemp
 .text.LPS22HB_Init
                0x000000000800b9cc       0x38 Drivers/BSP/Components/lps22hb.o
 .text.LPS22HB_P_Init
                0x000000000800ba04        0x4 Drivers/BSP/Components/lps22hb.o
                0x000000000800ba04                LPS22HB_P_Init
 .text.LPS22HB_T_Init
                0x000000000800ba08        0x4 Drivers/BSP/Components/lps22hb.o
                0x000000000800ba08                LPS22HB_T_Init
 .text.LPS22HB_P_ReadID
                0x000000000800ba0c       0x14 Drivers/BSP/Components/lps22hb.o
                0x000000000800ba0c                LPS22HB_P_ReadID
 .text.LSM6DSL_AccInit
                0x000000000800ba20       0x38 Drivers/BSP/Components/lsm6dsl.o
                0x000000000800ba20                LSM6DSL_AccInit
 .text.LSM6DSL_AccDeInit
                0x000000000800ba58       0x1c Drivers/BSP/Components/lsm6dsl.o
                0x000000000800ba58                LSM6DSL_AccDeInit
 .text.LSM6DSL_AccLowPower
                0x000000000800ba74       0x24 Drivers/BSP/Components/lsm6dsl.o
                0x000000000800ba74                LSM6DSL_AccLowPower
 .text.LSM6DSL_GyroInit
                0x000000000800ba98       0x38 Drivers/BSP/Components/lsm6dsl.o
                0x000000000800ba98                LSM6DSL_GyroInit
 .text.LSM6DSL_GyroDeInit
                0x000000000800bad0       0x1c Drivers/BSP/Components/lsm6dsl.o
                0x000000000800bad0                LSM6DSL_GyroDeInit
 .text.LSM6DSL_GyroLowPower
                0x000000000800baec       0x24 Drivers/BSP/Components/lsm6dsl.o
                0x000000000800baec                LSM6DSL_GyroLowPower
 .text.LSM6DSL_AccReadID
                0x000000000800bb10       0x14 Drivers/BSP/Components/lsm6dsl.o
                0x000000000800bb10                LSM6DSL_AccReadID
 .text.LSM6DSL_GyroReadID
                0x000000000800bb24        0x4 Drivers/BSP/Components/lsm6dsl.o
                0x000000000800bb24                LSM6DSL_GyroReadID
 .text.LSM6DSL_AccReadXYZ
                0x000000000800bb28       0xa0 Drivers/BSP/Components/lsm6dsl.o
                0x000000000800bb28                LSM6DSL_AccReadXYZ
 .text.LSM6DSL_GyroReadXYZAngRate
                0x000000000800bbc8       0x8c Drivers/BSP/Components/lsm6dsl.o
                0x000000000800bbc8                LSM6DSL_GyroReadXYZAngRate
 .text.M24SR_IsCorrectCRC16Residue
                0x000000000800bc54       0x90 Drivers/BSP/Components/m24sr_v1.1.o
 .text.M24SR_IsAnswerReady
                0x000000000800bce4       0xa0 Drivers/BSP/Components/m24sr_v1.1.o
 .text.M24SR_BuildIBlockCommand.isra.4.constprop.6
                0x000000000800bd84      0x124 Drivers/BSP/Components/m24sr_v1.1.o
 .text.M24SR_Verify.part.5
                0x000000000800bea8       0xc4 Drivers/BSP/Components/m24sr_v1.1.o
 .text.M24SR_GPO_Callback
                0x000000000800bf6c       0x18 Drivers/BSP/Components/m24sr_v1.1.o
                0x000000000800bf6c                M24SR_GPO_Callback
 .text.M24SR_GetSession
                0x000000000800bf84       0x34 Drivers/BSP/Components/m24sr_v1.1.o
                0x000000000800bf84                M24SR_GetSession
 .text.M24SR_KillSession
                0x000000000800bfb8       0x34 Drivers/BSP/Components/m24sr_v1.1.o
                0x000000000800bfb8                M24SR_KillSession
 .text.M24SR_Deselect
                0x000000000800bfec       0x4c Drivers/BSP/Components/m24sr_v1.1.o
                0x000000000800bfec                M24SR_Deselect
 .text.M24SR_SelectApplication
                0x000000000800c038       0x90 Drivers/BSP/Components/m24sr_v1.1.o
                0x000000000800c038                M24SR_SelectApplication
 .text.M24SR_SelectCCfile
                0x000000000800c0c8       0x84 Drivers/BSP/Components/m24sr_v1.1.o
                0x000000000800c0c8                M24SR_SelectCCfile
 .text.M24SR_SelectSystemfile
                0x000000000800c14c       0x84 Drivers/BSP/Components/m24sr_v1.1.o
                0x000000000800c14c                M24SR_SelectSystemfile
 .text.M24SR_SelectNDEFfile
                0x000000000800c1d0       0x80 Drivers/BSP/Components/m24sr_v1.1.o
                0x000000000800c1d0                M24SR_SelectNDEFfile
 .text.M24SR_ReadBinary
                0x000000000800c250       0xa4 Drivers/BSP/Components/m24sr_v1.1.o
                0x000000000800c250                M24SR_ReadBinary
 .text.M24SR_UpdateBinary
                0x000000000800c2f4      0x120 Drivers/BSP/Components/m24sr_v1.1.o
                0x000000000800c2f4                M24SR_UpdateBinary
 .text.M24SR_ManageI2CGPO
                0x000000000800c414       0x98 Drivers/BSP/Components/m24sr_v1.1.o
                0x000000000800c414                M24SR_ManageI2CGPO
 .text.M24SR_Init
                0x000000000800c4ac       0x50 Drivers/BSP/Components/m24sr_v1.1.o
                0x000000000800c4ac                M24SR_Init
 .text.SystemInit
                0x000000000800c4fc       0x50 Drivers/CMSIS/system_stm32l4xx.o
                0x000000000800c4fc                SystemInit
 .text.HAL_MspInit
                0x000000000800c54c        0x4 Drivers/STM32L4xx_HAL_Driver/stm32l4xx_hal.o
                0x000000000800c54c                HAL_MspInit
 .text.HAL_InitTick
                0x000000000800c550       0x2c Drivers/STM32L4xx_HAL_Driver/stm32l4xx_hal.o
                0x000000000800c550                HAL_InitTick
 .text.HAL_Init
                0x000000000800c57c       0x18 Drivers/STM32L4xx_HAL_Driver/stm32l4xx_hal.o
                0x000000000800c57c                HAL_Init
 .text.HAL_IncTick
                0x000000000800c594       0x10 Drivers/STM32L4xx_HAL_Driver/stm32l4xx_hal.o
                0x000000000800c594                HAL_IncTick
 .text.HAL_GetTick
                0x000000000800c5a4        0xc Drivers/STM32L4xx_HAL_Driver/stm32l4xx_hal.o
                0x000000000800c5a4                HAL_GetTick
 .text.HAL_GetHalVersion
                0x000000000800c5b0        0x8 Drivers/STM32L4xx_HAL_Driver/stm32l4xx_hal.o
                0x000000000800c5b0                HAL_GetHalVersion
 .text.HAL_NVIC_SetPriorityGrouping
                0x000000000800c5b8       0x24 Drivers/STM32L4xx_HAL_Driver/stm32l4xx_hal_cortex.o
                0x000000000800c5b8                HAL_NVIC_SetPriorityGrouping
 .text.HAL_NVIC_SetPriority
                0x000000000800c5dc       0x6c Drivers/STM32L4xx_HAL_Driver/stm32l4xx_hal_cortex.o
                0x000000000800c5dc                HAL_NVIC_SetPriority
 .text.HAL_NVIC_EnableIRQ
                0x000000000800c648       0x18 Drivers/STM32L4xx_HAL_Driver/stm32l4xx_hal_cortex.o
                0x000000000800c648                HAL_NVIC_EnableIRQ
 .text.HAL_NVIC_SystemReset
                0x000000000800c660       0x24 Drivers/STM32L4xx_HAL_Driver/stm32l4xx_hal_cortex.o
                0x000000000800c660                HAL_NVIC_SystemReset
 .text.HAL_SYSTICK_Config
                0x000000000800c684       0x34 Drivers/STM32L4xx_HAL_Driver/stm32l4xx_hal_cortex.o
                0x000000000800c684                HAL_SYSTICK_Config
 .text.CRC_Handle_8
                0x000000000800c6b8       0x80 Drivers/STM32L4xx_HAL_Driver/stm32l4xx_hal_crc.o
 .text.CRC_Handle_16
                0x000000000800c738       0x30 Drivers/STM32L4xx_HAL_Driver/stm32l4xx_hal_crc.o
 .text.HAL_CRC_MspInit
                0x000000000800c768        0x4 Drivers/STM32L4xx_HAL_Driver/stm32l4xx_hal_crc.o
                0x000000000800c768                HAL_CRC_MspInit
 .text.HAL_CRC_Init
                0x000000000800c76c       0x88 Drivers/STM32L4xx_HAL_Driver/stm32l4xx_hal_crc.o
                0x000000000800c76c                HAL_CRC_Init
 .text.HAL_CRC_MspDeInit
                0x000000000800c7f4        0x4 Drivers/STM32L4xx_HAL_Driver/stm32l4xx_hal_crc.o
                0x000000000800c7f4                HAL_CRC_MspDeInit
 .text.HAL_CRC_DeInit
                0x000000000800c7f8       0x38 Drivers/STM32L4xx_HAL_Driver/stm32l4xx_hal_crc.o
                0x000000000800c7f8                HAL_CRC_DeInit
 .text.HAL_CRC_Calculate
                0x000000000800c830       0x60 Drivers/STM32L4xx_HAL_Driver/stm32l4xx_hal_crc.o
                0x000000000800c830                HAL_CRC_Calculate
 .text.HAL_CRC_GetState
                0x000000000800c890        0x4 Drivers/STM32L4xx_HAL_Driver/stm32l4xx_hal_crc.o
                0x000000000800c890                HAL_CRC_GetState
 .text.HAL_CRCEx_Polynomial_Set
                0x000000000800c894       0x68 Drivers/STM32L4xx_HAL_Driver/stm32l4xx_hal_crc_ex.o
                0x000000000800c894                HAL_CRCEx_Polynomial_Set
 .text.HAL_DMA_Abort_IT
                0x000000000800c8fc       0x48 Drivers/STM32L4xx_HAL_Driver/stm32l4xx_hal_dma.o
                0x000000000800c8fc                HAL_DMA_Abort_IT
 .text.FLASH_SetErrorCode
                0x000000000800c944       0xe0 Drivers/STM32L4xx_HAL_Driver/stm32l4xx_hal_flash.o
 .text.HAL_FLASH_Unlock
                0x000000000800ca24       0x28 Drivers/STM32L4xx_HAL_Driver/stm32l4xx_hal_flash.o
                0x000000000800ca24                HAL_FLASH_Unlock
 .text.HAL_FLASH_Lock
                0x000000000800ca4c       0x14 Drivers/STM32L4xx_HAL_Driver/stm32l4xx_hal_flash.o
                0x000000000800ca4c                HAL_FLASH_Lock
 .text.FLASH_WaitForLastOperation
                0x000000000800ca60       0x8c Drivers/STM32L4xx_HAL_Driver/stm32l4xx_hal_flash.o
                0x000000000800ca60                FLASH_WaitForLastOperation
 .text.HAL_FLASH_Program
                0x000000000800caec       0xd8 Drivers/STM32L4xx_HAL_Driver/stm32l4xx_hal_flash.o
                0x000000000800caec                HAL_FLASH_Program
 .text.FLASH_PageErase
                0x000000000800cbc4       0x44 Drivers/STM32L4xx_HAL_Driver/stm32l4xx_hal_flash_ex.o
                0x000000000800cbc4                FLASH_PageErase
 .text.FLASH_FlushCaches
                0x000000000800cc08       0x64 Drivers/STM32L4xx_HAL_Driver/stm32l4xx_hal_flash_ex.o
                0x000000000800cc08                FLASH_FlushCaches
 .text.HAL_FLASHEx_Erase
                0x000000000800cc6c      0x118 Drivers/STM32L4xx_HAL_Driver/stm32l4xx_hal_flash_ex.o
                0x000000000800cc6c                HAL_FLASHEx_Erase
 .text.HAL_GPIO_Init
                0x000000000800cd84      0x228 Drivers/STM32L4xx_HAL_Driver/stm32l4xx_hal_gpio.o
                0x000000000800cd84                HAL_GPIO_Init
 .text.HAL_GPIO_ReadPin
                0x000000000800cfac        0xc Drivers/STM32L4xx_HAL_Driver/stm32l4xx_hal_gpio.o
                0x000000000800cfac                HAL_GPIO_ReadPin
 .text.HAL_GPIO_WritePin
                0x000000000800cfb8        0xc Drivers/STM32L4xx_HAL_Driver/stm32l4xx_hal_gpio.o
                0x000000000800cfb8                HAL_GPIO_WritePin
 .text.HAL_GPIO_TogglePin
                0x000000000800cfc4        0x8 Drivers/STM32L4xx_HAL_Driver/stm32l4xx_hal_gpio.o
                0x000000000800cfc4                HAL_GPIO_TogglePin
 .text.HAL_GPIO_EXTI_IRQHandler
                0x000000000800cfcc       0x18 Drivers/STM32L4xx_HAL_Driver/stm32l4xx_hal_gpio.o
                0x000000000800cfcc                HAL_GPIO_EXTI_IRQHandler
 .text.I2C_WaitOnFlagUntilTimeout
                0x000000000800cfe4       0x50 Drivers/STM32L4xx_HAL_Driver/stm32l4xx_hal_i2c.o
 .text.I2C_IsAcknowledgeFailed.part.0
                0x000000000800d034       0x7c Drivers/STM32L4xx_HAL_Driver/stm32l4xx_hal_i2c.o
 .text.I2C_WaitOnRXNEFlagUntilTimeout
                0x000000000800d0b0       0x8c Drivers/STM32L4xx_HAL_Driver/stm32l4xx_hal_i2c.o
 .text.I2C_WaitOnTXISFlagUntilTimeout
                0x000000000800d13c       0x58 Drivers/STM32L4xx_HAL_Driver/stm32l4xx_hal_i2c.o
 .text.I2C_RequestMemoryWrite
                0x000000000800d194       0x7c Drivers/STM32L4xx_HAL_Driver/stm32l4xx_hal_i2c.o
 .text.I2C_RequestMemoryRead
                0x000000000800d210       0x7c Drivers/STM32L4xx_HAL_Driver/stm32l4xx_hal_i2c.o
 .text.I2C_WaitOnSTOPFlagUntilTimeout
                0x000000000800d28c       0x54 Drivers/STM32L4xx_HAL_Driver/stm32l4xx_hal_i2c.o
 .text.HAL_I2C_MspInit
                0x000000000800d2e0        0x4 Drivers/STM32L4xx_HAL_Driver/stm32l4xx_hal_i2c.o
                0x000000000800d2e0                HAL_I2C_MspInit
 .text.HAL_I2C_Init
                0x000000000800d2e4       0xa8 Drivers/STM32L4xx_HAL_Driver/stm32l4xx_hal_i2c.o
                0x000000000800d2e4                HAL_I2C_Init
 .text.HAL_I2C_MspDeInit
                0x000000000800d38c        0x4 Drivers/STM32L4xx_HAL_Driver/stm32l4xx_hal_i2c.o
                0x000000000800d38c                HAL_I2C_MspDeInit
 .text.HAL_I2C_DeInit
                0x000000000800d390       0x34 Drivers/STM32L4xx_HAL_Driver/stm32l4xx_hal_i2c.o
                0x000000000800d390                HAL_I2C_DeInit
 .text.HAL_I2C_Master_Transmit
                0x000000000800d3c4      0x188 Drivers/STM32L4xx_HAL_Driver/stm32l4xx_hal_i2c.o
                0x000000000800d3c4                HAL_I2C_Master_Transmit
 .text.HAL_I2C_Master_Receive
                0x000000000800d54c      0x188 Drivers/STM32L4xx_HAL_Driver/stm32l4xx_hal_i2c.o
                0x000000000800d54c                HAL_I2C_Master_Receive
 .text.HAL_I2C_Mem_Write
                0x000000000800d6d4      0x1c0 Drivers/STM32L4xx_HAL_Driver/stm32l4xx_hal_i2c.o
                0x000000000800d6d4                HAL_I2C_Mem_Write
 .text.HAL_I2C_Mem_Read
                0x000000000800d894      0x1cc Drivers/STM32L4xx_HAL_Driver/stm32l4xx_hal_i2c.o
                0x000000000800d894                HAL_I2C_Mem_Read
 .text.HAL_I2C_IsDeviceReady
                0x000000000800da60      0x114 Drivers/STM32L4xx_HAL_Driver/stm32l4xx_hal_i2c.o
                0x000000000800da60                HAL_I2C_IsDeviceReady
 .text.HAL_I2CEx_ConfigAnalogFilter
                0x000000000800db74       0x54 Drivers/STM32L4xx_HAL_Driver/stm32l4xx_hal_i2c_ex.o
                0x000000000800db74                HAL_I2CEx_ConfigAnalogFilter
 .text.HAL_PWREx_GetVoltageRange
                0x000000000800dbc8       0x10 Drivers/STM32L4xx_HAL_Driver/stm32l4xx_hal_pwr_ex.o
                0x000000000800dbc8                HAL_PWREx_GetVoltageRange
 .text.HAL_PWREx_ControlVoltageScaling
                0x000000000800dbd8       0x70 Drivers/STM32L4xx_HAL_Driver/stm32l4xx_hal_pwr_ex.o
                0x000000000800dbd8                HAL_PWREx_ControlVoltageScaling
 .text.RCC_SetFlashLatencyFromMSIRange
                0x000000000800dc48       0x8c Drivers/STM32L4xx_HAL_Driver/stm32l4xx_hal_rcc.o
 .text.HAL_RCC_GetSysClockFreq
                0x000000000800dcd4       0xfc Drivers/STM32L4xx_HAL_Driver/stm32l4xx_hal_rcc.o
                0x000000000800dcd4                HAL_RCC_GetSysClockFreq
 .text.HAL_RCC_OscConfig
                0x000000000800ddd0      0x508 Drivers/STM32L4xx_HAL_Driver/stm32l4xx_hal_rcc.o
                0x000000000800ddd0                HAL_RCC_OscConfig
 .text.HAL_RCC_ClockConfig
                0x000000000800e2d8      0x170 Drivers/STM32L4xx_HAL_Driver/stm32l4xx_hal_rcc.o
                0x000000000800e2d8                HAL_RCC_ClockConfig
 .text.HAL_RCC_GetPCLK1Freq
                0x000000000800e448       0x20 Drivers/STM32L4xx_HAL_Driver/stm32l4xx_hal_rcc.o
                0x000000000800e448                HAL_RCC_GetPCLK1Freq
 .text.HAL_RCC_GetPCLK2Freq
                0x000000000800e468       0x20 Drivers/STM32L4xx_HAL_Driver/stm32l4xx_hal_rcc.o
                0x000000000800e468                HAL_RCC_GetPCLK2Freq
 .text.RCCEx_PLLSAI1_Config
                0x000000000800e488      0x11c Drivers/STM32L4xx_HAL_Driver/stm32l4xx_hal_rcc_ex.o
 .text.RCCEx_PLLSAI2_Config
                0x000000000800e5a4       0xfc Drivers/STM32L4xx_HAL_Driver/stm32l4xx_hal_rcc_ex.o
 .text.HAL_RCCEx_PeriphCLKConfig
                0x000000000800e6a0      0x420 Drivers/STM32L4xx_HAL_Driver/stm32l4xx_hal_rcc_ex.o
                0x000000000800e6a0                HAL_RCCEx_PeriphCLKConfig
 .text.HAL_RCCEx_EnableMSIPLLMode
                0x000000000800eac0       0x10 Drivers/STM32L4xx_HAL_Driver/stm32l4xx_hal_rcc_ex.o
                0x000000000800eac0                HAL_RCCEx_EnableMSIPLLMode
 .text.HAL_RNG_Init
                0x000000000800ead0       0x30 Drivers/STM32L4xx_HAL_Driver/stm32l4xx_hal_rng.o
                0x000000000800ead0                HAL_RNG_Init
 .text.HAL_RNG_GenerateRandomNumber
                0x000000000800eb00       0x58 Drivers/STM32L4xx_HAL_Driver/stm32l4xx_hal_rng.o
                0x000000000800eb00                HAL_RNG_GenerateRandomNumber
 .text.HAL_RTC_GetTime
                0x000000000800eb58       0x6c Drivers/STM32L4xx_HAL_Driver/stm32l4xx_hal_rtc.o
                0x000000000800eb58                HAL_RTC_GetTime
 .text.HAL_RTC_GetDate
                0x000000000800ebc4       0x60 Drivers/STM32L4xx_HAL_Driver/stm32l4xx_hal_rtc.o
                0x000000000800ebc4                HAL_RTC_GetDate
 .text.HAL_RTC_WaitForSynchro
                0x000000000800ec24       0x34 Drivers/STM32L4xx_HAL_Driver/stm32l4xx_hal_rtc.o
                0x000000000800ec24                HAL_RTC_WaitForSynchro
 .text.RTC_EnterInitMode
                0x000000000800ec58       0x34 Drivers/STM32L4xx_HAL_Driver/stm32l4xx_hal_rtc.o
                0x000000000800ec58                RTC_EnterInitMode
 .text.HAL_RTC_Init
                0x000000000800ec8c       0xbc Drivers/STM32L4xx_HAL_Driver/stm32l4xx_hal_rtc.o
                0x000000000800ec8c                HAL_RTC_Init
 .text.HAL_RTC_SetTime
                0x000000000800ed48      0x158 Drivers/STM32L4xx_HAL_Driver/stm32l4xx_hal_rtc.o
                0x000000000800ed48                HAL_RTC_SetTime
 .text.HAL_RTC_SetDate
                0x000000000800eea0      0x120 Drivers/STM32L4xx_HAL_Driver/stm32l4xx_hal_rtc.o
                0x000000000800eea0                HAL_RTC_SetDate
 .text.HAL_RTCEx_BKUPWrite
                0x000000000800efc0        0xc Drivers/STM32L4xx_HAL_Driver/stm32l4xx_hal_rtc_ex.o
                0x000000000800efc0                HAL_RTCEx_BKUPWrite
 .text.HAL_RTCEx_BKUPRead
                0x000000000800efcc        0xc Drivers/STM32L4xx_HAL_Driver/stm32l4xx_hal_rtc_ex.o
                0x000000000800efcc                HAL_RTCEx_BKUPRead
 .text.SPI_WaitFlagStateUntilTimeout.part.0
                0x000000000800efd8       0x54 Drivers/STM32L4xx_HAL_Driver/stm32l4xx_hal_spi.o
 .text.SPI_WaitFlagStateUntilTimeout
                0x000000000800f02c       0x48 Drivers/STM32L4xx_HAL_Driver/stm32l4xx_hal_spi.o
 .text.SPI_WaitFifoStateUntilTimeout
                0x000000000800f074       0x60 Drivers/STM32L4xx_HAL_Driver/stm32l4xx_hal_spi.o
 .text.SPI_EndRxTransaction
                0x000000000800f0d4       0x80 Drivers/STM32L4xx_HAL_Driver/stm32l4xx_hal_spi.o
 .text.SPI_EndRxTxTransaction
                0x000000000800f154       0x4c Drivers/STM32L4xx_HAL_Driver/stm32l4xx_hal_spi.o
 .text.HAL_SPI_MspInit
                0x000000000800f1a0        0x4 Drivers/STM32L4xx_HAL_Driver/stm32l4xx_hal_spi.o
                0x000000000800f1a0                HAL_SPI_MspInit
 .text.HAL_SPI_Init
                0x000000000800f1a4       0xe4 Drivers/STM32L4xx_HAL_Driver/stm32l4xx_hal_spi.o
                0x000000000800f1a4                HAL_SPI_Init
 .text.HAL_SPI_MspDeInit
                0x000000000800f288        0x4 Drivers/STM32L4xx_HAL_Driver/stm32l4xx_hal_spi.o
                0x000000000800f288                HAL_SPI_MspDeInit
 .text.HAL_SPI_DeInit
                0x000000000800f28c       0x2c Drivers/STM32L4xx_HAL_Driver/stm32l4xx_hal_spi.o
                0x000000000800f28c                HAL_SPI_DeInit
 .text.HAL_SPI_TransmitReceive
                0x000000000800f2b8      0x3cc Drivers/STM32L4xx_HAL_Driver/stm32l4xx_hal_spi.o
                0x000000000800f2b8                HAL_SPI_TransmitReceive
 .text.HAL_SPI_Receive
                0x000000000800f684      0x258 Drivers/STM32L4xx_HAL_Driver/stm32l4xx_hal_spi.o
                0x000000000800f684                HAL_SPI_Receive
 .text.HAL_SPI_Transmit_IT
                0x000000000800f8dc       0xb8 Drivers/STM32L4xx_HAL_Driver/stm32l4xx_hal_spi.o
                0x000000000800f8dc                HAL_SPI_Transmit_IT
 .text.HAL_SPI_TransmitReceive_IT
                0x000000000800f994      0x114 Drivers/STM32L4xx_HAL_Driver/stm32l4xx_hal_spi.o
                0x000000000800f994                HAL_SPI_TransmitReceive_IT
 .text.HAL_SPI_Receive_IT
                0x000000000800faa8       0xf4 Drivers/STM32L4xx_HAL_Driver/stm32l4xx_hal_spi.o
                0x000000000800faa8                HAL_SPI_Receive_IT
 .text.HAL_SPI_TxRxCpltCallback
                0x000000000800fb9c        0x4 Drivers/STM32L4xx_HAL_Driver/stm32l4xx_hal_spi.o
                0x000000000800fb9c                HAL_SPI_TxRxCpltCallback
 .text.HAL_SPI_ErrorCallback
                0x000000000800fba0        0x4 Drivers/STM32L4xx_HAL_Driver/stm32l4xx_hal_spi.o
                0x000000000800fba0                HAL_SPI_ErrorCallback
 .text.SPI_CloseTx_ISR
                0x000000000800fba4       0x58 Drivers/STM32L4xx_HAL_Driver/stm32l4xx_hal_spi.o
 .text.SPI_TxISR_8BIT
                0x000000000800fbfc       0x38 Drivers/STM32L4xx_HAL_Driver/stm32l4xx_hal_spi.o
 .text.SPI_TxISR_16BIT
                0x000000000800fc34       0x34 Drivers/STM32L4xx_HAL_Driver/stm32l4xx_hal_spi.o
 .text.SPI_CloseRx_ISR
                0x000000000800fc68       0x5c Drivers/STM32L4xx_HAL_Driver/stm32l4xx_hal_spi.o
 .text.SPI_RxISR_8BIT
                0x000000000800fcc4       0x68 Drivers/STM32L4xx_HAL_Driver/stm32l4xx_hal_spi.o
 .text.SPI_RxISR_8BITCRC
                0x000000000800fd2c       0x28 Drivers/STM32L4xx_HAL_Driver/stm32l4xx_hal_spi.o
 .text.SPI_RxISR_16BIT
                0x000000000800fd54       0x68 Drivers/STM32L4xx_HAL_Driver/stm32l4xx_hal_spi.o
 .text.SPI_RxISR_16BITCRC
                0x000000000800fdbc       0x24 Drivers/STM32L4xx_HAL_Driver/stm32l4xx_hal_spi.o
 .text.SPI_CloseRxTx_ISR
                0x000000000800fde0       0x7c Drivers/STM32L4xx_HAL_Driver/stm32l4xx_hal_spi.o
 .text.SPI_2linesTxISR_8BIT
                0x000000000800fe5c       0x64 Drivers/STM32L4xx_HAL_Driver/stm32l4xx_hal_spi.o
 .text.SPI_2linesRxISR_8BIT
                0x000000000800fec0       0x80 Drivers/STM32L4xx_HAL_Driver/stm32l4xx_hal_spi.o
 .text.SPI_2linesRxISR_8BITCRC
                0x000000000800ff40       0x40 Drivers/STM32L4xx_HAL_Driver/stm32l4xx_hal_spi.o
 .text.SPI_2linesTxISR_16BIT
                0x000000000800ff80       0x58 Drivers/STM32L4xx_HAL_Driver/stm32l4xx_hal_spi.o
 .text.SPI_2linesRxISR_16BIT
                0x000000000800ffd8       0x54 Drivers/STM32L4xx_HAL_Driver/stm32l4xx_hal_spi.o
 .text.SPI_2linesRxISR_16BITCRC
                0x000000000801002c       0x24 Drivers/STM32L4xx_HAL_Driver/stm32l4xx_hal_spi.o
 .text.HAL_SPI_IRQHandler
                0x0000000008010050       0xf4 Drivers/STM32L4xx_HAL_Driver/stm32l4xx_hal_spi.o
                0x0000000008010050                HAL_SPI_IRQHandler
 .text.SPI_DMAAbortOnError
                0x0000000008010144       0x14 Drivers/STM32L4xx_HAL_Driver/stm32l4xx_hal_spi.o
 .text.TIM_OC1_SetConfig
                0x0000000008010158       0x78 Drivers/STM32L4xx_HAL_Driver/stm32l4xx_hal_tim.o
 .text.TIM_OC3_SetConfig
                0x00000000080101d0       0x80 Drivers/STM32L4xx_HAL_Driver/stm32l4xx_hal_tim.o
 .text.TIM_OC4_SetConfig
                0x0000000008010250       0x6c Drivers/STM32L4xx_HAL_Driver/stm32l4xx_hal_tim.o
 .text.TIM_OC5_SetConfig
                0x00000000080102bc       0x6c Drivers/STM32L4xx_HAL_Driver/stm32l4xx_hal_tim.o
 .text.TIM_OC6_SetConfig
                0x0000000008010328       0x6c Drivers/STM32L4xx_HAL_Driver/stm32l4xx_hal_tim.o
 .text.HAL_TIM_OC_Start_IT
                0x0000000008010394       0x9c Drivers/STM32L4xx_HAL_Driver/stm32l4xx_hal_tim.o
                0x0000000008010394                HAL_TIM_OC_Start_IT
 .text.HAL_TIM_OC_Stop_IT
                0x0000000008010430       0xc0 Drivers/STM32L4xx_HAL_Driver/stm32l4xx_hal_tim.o
                0x0000000008010430                HAL_TIM_OC_Stop_IT
 .text.HAL_TIM_ReadCapturedValue
                0x00000000080104f0       0x58 Drivers/STM32L4xx_HAL_Driver/stm32l4xx_hal_tim.o
                0x00000000080104f0                HAL_TIM_ReadCapturedValue
 .text.HAL_TIM_PeriodElapsedCallback
                0x0000000008010548        0x4 Drivers/STM32L4xx_HAL_Driver/stm32l4xx_hal_tim.o
                0x0000000008010548                HAL_TIM_PeriodElapsedCallback
 .text.HAL_TIM_IC_CaptureCallback
                0x000000000801054c        0x4 Drivers/STM32L4xx_HAL_Driver/stm32l4xx_hal_tim.o
                0x000000000801054c                HAL_TIM_IC_CaptureCallback
 .text.HAL_TIM_PWM_PulseFinishedCallback
                0x0000000008010550        0x4 Drivers/STM32L4xx_HAL_Driver/stm32l4xx_hal_tim.o
                0x0000000008010550                HAL_TIM_PWM_PulseFinishedCallback
 .text.HAL_TIM_TriggerCallback
                0x0000000008010554        0x4 Drivers/STM32L4xx_HAL_Driver/stm32l4xx_hal_tim.o
                0x0000000008010554                HAL_TIM_TriggerCallback
 .text.HAL_TIM_IRQHandler
                0x0000000008010558      0x154 Drivers/STM32L4xx_HAL_Driver/stm32l4xx_hal_tim.o
                0x0000000008010558                HAL_TIM_IRQHandler
 .text.TIM_Base_SetConfig
                0x00000000080106ac       0xec Drivers/STM32L4xx_HAL_Driver/stm32l4xx_hal_tim.o
                0x00000000080106ac                TIM_Base_SetConfig
 .text.HAL_TIM_OC_Init
                0x0000000008010798       0x38 Drivers/STM32L4xx_HAL_Driver/stm32l4xx_hal_tim.o
                0x0000000008010798                HAL_TIM_OC_Init
 .text.TIM_OC2_SetConfig
                0x00000000080107d0       0x80 Drivers/STM32L4xx_HAL_Driver/stm32l4xx_hal_tim.o
                0x00000000080107d0                TIM_OC2_SetConfig
 .text.HAL_TIM_OC_ConfigChannel
                0x0000000008010850       0x78 Drivers/STM32L4xx_HAL_Driver/stm32l4xx_hal_tim.o
                0x0000000008010850                HAL_TIM_OC_ConfigChannel
 .text.HAL_TIMEx_CommutationCallback
                0x00000000080108c8        0x4 Drivers/STM32L4xx_HAL_Driver/stm32l4xx_hal_tim_ex.o
                0x00000000080108c8                HAL_TIMEx_CommutationCallback
 .text.HAL_TIMEx_BreakCallback
                0x00000000080108cc        0x4 Drivers/STM32L4xx_HAL_Driver/stm32l4xx_hal_tim_ex.o
                0x00000000080108cc                HAL_TIMEx_BreakCallback
 .text.HAL_UART_MspInit
                0x00000000080108d0        0x4 Drivers/STM32L4xx_HAL_Driver/stm32l4xx_hal_uart.o
                0x00000000080108d0                HAL_UART_MspInit
 .text.UART_SetConfig
                0x00000000080108d4      0x35c Drivers/STM32L4xx_HAL_Driver/stm32l4xx_hal_uart.o
                0x00000000080108d4                UART_SetConfig
 .text.UART_AdvFeatureConfig
                0x0000000008010c30       0xb0 Drivers/STM32L4xx_HAL_Driver/stm32l4xx_hal_uart.o
                0x0000000008010c30                UART_AdvFeatureConfig
 .text.UART_WaitOnFlagUntilTimeout
                0x0000000008010ce0       0x64 Drivers/STM32L4xx_HAL_Driver/stm32l4xx_hal_uart.o
                0x0000000008010ce0                UART_WaitOnFlagUntilTimeout
 .text.HAL_UART_Transmit
                0x0000000008010d44       0xc4 Drivers/STM32L4xx_HAL_Driver/stm32l4xx_hal_uart.o
                0x0000000008010d44                HAL_UART_Transmit
 .text.HAL_UART_Receive
                0x0000000008010e08       0xf4 Drivers/STM32L4xx_HAL_Driver/stm32l4xx_hal_uart.o
                0x0000000008010e08                HAL_UART_Receive
 .text.UART_CheckIdleState
                0x0000000008010efc       0x70 Drivers/STM32L4xx_HAL_Driver/stm32l4xx_hal_uart.o
                0x0000000008010efc                UART_CheckIdleState