iothubtransport_mqtt_common.c:1411:13:DisconnectFromClient	16	static
iothubtransport_mqtt_common.c:1426:13:mqtt_error_callback	8	static
iothubtransport_mqtt_common.c:242:13:free_proxy_data	8	static
iothubtransport_mqtt_common.c:272:13:free_transport_handle_data	8	static
iothubtransport_mqtt_common.c:752:12:publish_mqtt_telemetry_msg	72	static
iothubtransport_mqtt_common.c:574:13:sendMsgComplete.isra.2	24	static
iothubtransport_mqtt_common.c:1286:13:mqtt_operation_complete_callback	32	static
iothubtransport_mqtt_common.c:1139:13:mqtt_notification_callback	72	static
iothubtransport_mqtt_common.c:1587:12:GetTransportProviderIfNecessary.part.5	32	static
iothubtransport_mqtt_common.c:1551:29:RetrieveMessagePayload	24	static
iothubtransport_mqtt_common.c:93:1:MQTT_CLIENT_EVENT_ERRORStrings	0	static
iothubtransport_mqtt_common.c:93:1:MQTT_CLIENT_EVENT_ERROR_FromString	24	static
iothubtransport_mqtt_common.c:303:5:IoTHubTransport_MQTT_Common_SetRetryPolicy	8	static
iothubtransport_mqtt_common.c:2022:21:IoTHubTransport_MQTT_Common_Create	48	static
iothubtransport_mqtt_common.c:2100:6:IoTHubTransport_MQTT_Common_Destroy	24	static
iothubtransport_mqtt_common.c:2132:5:IoTHubTransport_MQTT_Common_Subscribe_DeviceTwin	8	static
iothubtransport_mqtt_common.c:2195:6:IoTHubTransport_MQTT_Common_Unsubscribe_DeviceTwin	8	static
iothubtransport_mqtt_common.c:2222:5:IoTHubTransport_MQTT_Common_Subscribe_DeviceMethod	8	static
iothubtransport_mqtt_common.c:2274:6:IoTHubTransport_MQTT_Common_Unsubscribe_DeviceMethod	16	static
iothubtransport_mqtt_common.c:2305:5:IoTHubTransport_MQTT_Common_DeviceMethod_Response	40	static
iothubtransport_mqtt_common.c:2343:5:IoTHubTransport_MQTT_Common_Subscribe	8	static
iothubtransport_mqtt_common.c:2379:6:IoTHubTransport_MQTT_Common_Unsubscribe	16	static
iothubtransport_mqtt_common.c:2402:28:IoTHubTransport_MQTT_Common_ProcessItem	40	static
iothubtransport_mqtt_common.c:2465:6:IoTHubTransport_MQTT_Common_DoWork	96	static
iothubtransport_mqtt_common.c:2614:22:IoTHubTransport_MQTT_Common_GetSendStatus	16	static
iothubtransport_mqtt_common.c:2642:22:IoTHubTransport_MQTT_Common_SetOption	40	static
iothubtransport_mqtt_common.c:2820:22:IoTHubTransport_MQTT_Common_Register	16	static
iothubtransport_mqtt_common.c:2882:6:IoTHubTransport_MQTT_Common_Unregister	0	static
iothubtransport_mqtt_common.c:2893:15:IoTHubTransport_MQTT_Common_GetHostname	0	static
iothubtransport_mqtt_common.c:2910:22:IoTHubTransport_MQTT_Common_SendMessageDisposition	16	static
