iothub_client_ll.c:164:22:make_product_info	16	static
iothub_client_ll.c:187:38:initialize_iothub_client	96	static
iothub_client_ll.c:35:1:IOTHUB_CLIENT_RESULTStrings	0	static
iothub_client_ll.c:35:1:IOTHUB_CLIENT_RESULT_FromString	24	static
iothub_client_ll.c:36:1:IOTHUB_CLIENT_CONFIRMATION_RESULTStrings	0	static
iothub_client_ll.c:36:1:IOTHUB_CLIENT_CONFIRMATION_RESULT_FromString	24	static
iothub_client_ll.c:44:1:CALLBACK_TYPEStrings	0	static
iothub_client_ll.c:44:1:CALLBACK_TYPE_FromString	24	static
iothub_client_ll.c:515:25:IoTHubClient_LL_CreateFromDeviceAuth	0	static
iothub_client_ll.c:615:25:IoTHubClient_LL_CreateFromConnectionString	64	static
iothub_client_ll.c:895:25:IoTHubClient_LL_Create	0	static
iothub_client_ll.c:924:25:IoTHubClient_LL_CreateWithTransport	0	static
iothub_client_ll.c:946:6:IoTHubClient_LL_Destroy	16	static
iothub_client_ll.c:1024:22:IoTHubClient_LL_SendEventAsync	24	static
iothub_client_ll.c:1088:22:IoTHubClient_LL_SetMessageCallback	16	static
iothub_client_ll.c:1159:22:IoTHubClient_LL_SetMessageCallback_Ex	16	static
iothub_client_ll.c:1230:22:IoTHubClient_LL_SendMessageDisposition	4	static
iothub_client_ll.c:1282:6:IoTHubClient_LL_DoWork	40	static
iothub_client_ll.c:1329:22:IoTHubClient_LL_GetSendStatus	0	static
iothub_client_ll.c:1351:6:IoTHubClient_LL_SendComplete	24	static
iothub_client_ll.c:1381:5:IoTHubClient_LL_DeviceMethodComplete	32	static
iothub_client_ll.c:1428:6:IoTHubClient_LL_RetrievePropertyComplete	8	static
iothub_client_ll.c:1455:6:IoTHubClient_LL_ReportedStateComplete	16	static
iothub_client_ll.c:1489:6:IoTHubClient_LL_MessageCallback	16	static
iothub_client_ll.c:1553:6:IoTHubClient_LL_ConnectionStatusCallBack	4	static
iothub_client_ll.c:1574:22:IoTHubClient_LL_SetConnectionStatusCallback	0	static
iothub_client_ll.c:1595:22:IoTHubClient_LL_SetRetryPolicy	24	static
iothub_client_ll.c:1633:22:IoTHubClient_LL_GetRetryPolicy	4	static
iothub_client_ll.c:1655:22:IoTHubClient_LL_GetLastMessageReceiveTime	0	static
iothub_client_ll.c:1686:22:IoTHubClient_LL_SetOption	24	static
iothub_client_ll.c:1790:22:IoTHubClient_LL_GetOption	16	static
iothub_client_ll.c:1812:22:IoTHubClient_LL_SetDeviceTwinCallback	16	static
iothub_client_ll.c:1851:22:IoTHubClient_LL_SendReportedState	32	static
iothub_client_ll.c:1894:22:IoTHubClient_LL_SetDeviceMethodCallback	16	static
iothub_client_ll.c:1970:22:IoTHubClient_LL_SetDeviceMethodCallback_Ex	16	static
iothub_client_ll.c:2041:22:IoTHubClient_LL_DeviceMethodResponse	24	static
