schema.c:349:13:SchemaHandlesMatch	0	static
schema.c:354:13:SchemaNamespacesMatch	8	static
schema.c:763:13:reportedPropertyExists	8	static
schema.c:939:13:methodExists	8	static
schema.c:1418:13:matchModelMethod	0	static
schema.c:1124:13:methodFindArgumentByBame	8	static
schema.c:2328:13:matchModelName	8	static
schema.c:3024:13:modelInModelExists	0	static
schema.c:2691:13:desiredPropertyExists	8	static
schema.c:2185:26:Schema_GetModelByName.part.1	24	static
schema.c:3169:13:SchemaHasModel	8	static
schema.c:13:1:SCHEMA_RESULTStrings	0	static
schema.c:13:1:SCHEMA_RESULT_FromString	24	static
schema.c:361:15:Schema_Create	24	static
schema.c:416:8:Schema_GetSchemaCount	0	static
schema.c:423:15:Schema_GetSchemaByNamespace	8	static
schema.c:443:13:Schema_GetSchemaNamespace	0	static
schema.c:461:6:Schema_Destroy	48	static
schema.c:501:15:Schema_DestroyIfUnused	8	static
schema.c:544:15:Schema_AddDeviceRef	0	static
schema.c:563:15:Schema_ReleaseDeviceRef	0	static
schema.c:591:26:Schema_CreateModelType	32	static
schema.c:739:15:Schema_GetSchemaForModelType	0	static
schema.c:758:15:Schema_AddModelProperty	32	static
schema.c:769:15:Schema_AddModelReportedProperty	24	static
schema.c:846:22:Schema_CreateModelAction	32	static
schema.c:946:22:Schema_CreateModelMethod	32	static
schema.c:1024:15:Schema_AddModelActionArgument	32	static
schema.c:1132:15:Schema_AddModelMethodArgument	24	static
schema.c:1209:24:Schema_GetModelPropertyByName	24	static
schema.c:1250:15:Schema_GetModelPropertyCount	0	static
schema.c:1275:15:Schema_GetModelReportedPropertyCount	8	static
schema.c:1298:33:Schema_GetModelReportedPropertyByName	0	static
schema.c:1328:33:Schema_GetModelReportedPropertyByIndex	0	static
schema.c:1355:24:Schema_GetModelPropertyByIndex	0	static
schema.c:1377:22:Schema_GetModelActionByName	24	static
schema.c:1426:22:Schema_GetModelMethodByName	8	static
schema.c:1457:15:Schema_GetModelActionCount	0	static
schema.c:1483:22:Schema_GetModelActionByIndex	0	static
schema.c:1505:13:Schema_GetModelActionName	0	static
schema.c:1525:15:Schema_GetModelActionArgumentCount	0	static
schema.c:1551:15:Schema_GetModelMethodArgumentCount	8	static
schema.c:1574:31:Schema_GetModelActionArgumentByName	24	static
schema.c:1616:31:Schema_GetModelActionArgumentByIndex	0	static
schema.c:1637:31:Schema_GetModelMethodArgumentByIndex	8	static
schema.c:1666:13:Schema_GetActionArgumentName	0	static
schema.c:1684:13:Schema_GetMethodArgumentName	0	static
schema.c:1702:13:Schema_GetActionArgumentType	0	static
schema.c:1720:13:Schema_GetMethodArgumentType	0	static
schema.c:1738:27:Schema_CreateStructType	32	static
schema.c:1828:13:Schema_GetStructTypeName	0	static
schema.c:1847:15:Schema_GetStructTypeCount	0	static
schema.c:1871:27:Schema_GetStructTypeByName	24	static
schema.c:1912:27:Schema_GetStructTypeByIndex	0	static
schema.c:1935:15:Schema_AddStructTypeProperty	32	static
schema.c:2032:24:Schema_GetStructTypePropertyByName	24	static
schema.c:2073:15:Schema_GetStructTypePropertyCount	0	static
schema.c:2099:24:Schema_GetStructTypePropertyByIndex	0	static
schema.c:2121:13:Schema_GetPropertyName	0	static
schema.c:2142:13:Schema_GetPropertyType	0	static
schema.c:2163:15:Schema_GetModelCount	0	static
schema.c:2185:26:Schema_GetModelByName	0	static
schema.c:2222:26:Schema_GetModelByIndex	0	static
schema.c:2246:13:Schema_GetModelName	0	static
schema.c:2262:15:Schema_AddModelModel	32	static
schema.c:2305:15:Schema_GetModelModelCount	8	static
schema.c:2335:26:Schema_GetModelModelByName	8	static
schema.c:2366:8:Schema_GetModelModelByName_Offset	8	static
schema.c:2399:21:Schema_GetModelModelByName_OnDesiredProperty	8	static
schema.c:2431:8:Schema_GetModelModelByIndex_Offset	8	static
schema.c:2459:26:Schema_GetModelModelyByIndex	16	static
schema.c:2488:13:Schema_GetModelModelPropertyNameByIndex	16	static
schema.c:2516:6:Schema_ModelPropertyByPathExists	48	static
schema.c:2607:6:Schema_ModelReportedPropertyByPathExists	40	static
schema.c:2697:15:Schema_AddModelDesiredProperty	32	static
schema.c:2787:15:Schema_GetModelDesiredPropertyCount	8	static
schema.c:2810:32:Schema_GetModelDesiredPropertyByName	8	static
schema.c:2842:32:Schema_GetModelDesiredPropertyByIndex	8	static
schema.c:2870:6:Schema_ModelDesiredPropertyByPathExists	40	static
schema.c:2954:13:Schema_GetModelDesiredPropertyType	0	static
schema.c:2972:38:Schema_GetModelDesiredProperty_pfDesiredPropertyFromAGENT_DATA_TYPE	0	static
schema.c:2988:21:Schema_GetModelDesiredProperty_pfOnDesiredProperty	0	static
schema.c:3006:8:Schema_GetModelDesiredProperty_offset	0	static
schema.c:3030:22:Schema_GetModelElementByName	40	static
schema.c:3133:31:Schema_GetModelDesiredProperty_pfDesiredPropertyDeinitialize	0	static
schema.c:3151:29:Schema_GetModelDesiredProperty_pfDesiredPropertyInitialize	0	static
schema.c:3175:15:Schema_GetSchemaForModel	8	static
schema.c:3205:7:Schema_GetMetadata	0	static
